#
# There is insufficient memory for the Java Runtime Environment to continue.
# Native memory allocation (mmap) failed to map 130023424 bytes. Error detail: G1 virtual space
# Possible reasons:
#   The system is out of physical RAM or swap space
#   This process is running with CompressedOops enabled, and the Java Heap may be blocking the growth of the native heap
# Possible solutions:
#   Reduce memory load on the system
#   Increase physical memory or swap space
#   Check if swap backing store is full
#   Decrease Java heap size (-Xmx/-Xms)
#   Decrease number of Java threads
#   Decrease Java thread stack sizes (-Xss)
#   Set larger code cache with -XX:ReservedCodeCacheSize=
#   JVM is running with Unscaled Compressed Oops mode in which the Java heap is
#     placed in the first 4GB address space. The Java Heap base address is the
#     maximum limit for the native heap growth. Please use -XX:HeapBaseMinAddress
#     to set the Java Heap base and to place the Java Heap above 4GB virtual address.
# This output file may be truncated or incomplete.
#
#  Out of Memory Error (os_windows.cpp:3815), pid=39636, tid=34540
#
# JRE version:  (21.0.3+13) (build )
# Java VM: OpenJDK 64-Bit Server VM (21.0.3+13-b509.15, mixed mode, sharing, tiered, compressed oops, compressed class ptrs, g1 gc, windows-amd64)
# No core dump will be written. Minidumps are not enabled by default on client versions of Windows
#

---------------  S U M M A R Y ------------

Command Line: git4idea.http.GitAskPassApp Username for 'https://github.com': 

Host: 11th Gen Intel(R) Core(TM) i5-1155G7 @ 2.50GHz, 8 cores, 7G,  Windows 11 , 64 bit Build 26100 (10.0.26100.8246)
Time: Sat May 30 08:58:50 2026 India Standard Time elapsed time: 2.034662 seconds (0d 0h 0m 2s)

---------------  T H R E A D  ---------------

Current thread (0x000001b6fb721260):  JavaThread "Unknown thread" [_thread_in_vm, id=34540, stack(0x000000998c200000,0x000000998c300000) (1024K)]

Stack: [0x000000998c200000,0x000000998c300000]
Native frames: (J=compiled Java code, j=interpreted, Vv=VM code, C=native code)
V  [jvm.dll+0x6e02f9]
V  [jvm.dll+0x8bd383]
V  [jvm.dll+0x8bf8de]
V  [jvm.dll+0x8bffc3]
V  [jvm.dll+0x2879c6]
V  [jvm.dll+0x6dcac5]
V  [jvm.dll+0x6d0f9a]
V  [jvm.dll+0x35f9bb]
V  [jvm.dll+0x367566]
V  [jvm.dll+0x3b8b56]
V  [jvm.dll+0x3b8e28]
V  [jvm.dll+0x33217c]
V  [jvm.dll+0x332e6b]
V  [jvm.dll+0x8845e9]
V  [jvm.dll+0x3c5f38]
V  [jvm.dll+0x86d80d]
V  [jvm.dll+0x45ab9e]
V  [jvm.dll+0x45c771]
C  [jli.dll+0x52ab]
C  [ucrtbase.dll+0x37b0]
C  [KERNEL32.DLL+0x2e8d7]
C  [ntdll.dll+0x8c3fc]


---------------  P R O C E S S  ---------------

Threads class SMR info:
_java_thread_list=0x00007ff8c264d108, length=0, elements={
}

Java Threads: ( => current thread )
Total: 0

Other Threads:
  0x000001b6fb95ba60 WorkerThread "GC Thread#0"                     [id=18624, stack(0x000000998c300000,0x000000998c400000) (1024K)]
  0x000001b6fb96c240 ConcurrentGCThread "G1 Main Marker"            [id=39736, stack(0x000000998c400000,0x000000998c500000) (1024K)]
  0x000001b6fb96cd40 WorkerThread "G1 Conc#0"                       [id=31444, stack(0x000000998c500000,0x000000998c600000) (1024K)]

[error occurred during error reporting (printing all threads), id 0xc0000005, EXCEPTION_ACCESS_VIOLATION (0xc0000005) at pc=0x00007ff8c1d452d7]
VM state: not at safepoint (not fully initialized)

VM Mutex/Monitor currently owned by a thread:  ([mutex/lock_event])
[0x00007ff8c26c1858] Heap_lock - owner thread: 0x000001b6fb721260

Heap address: 0x0000000084000000, size: 1984 MB, Compressed Oops mode: 32-bit

CDS archive(s) mapped at: [0x0000000000000000-0x0000000000000000-0x0000000000000000), size 0, SharedBaseAddress: 0x0000000800000000, ArchiveRelocationMode: 1.
Narrow klass base: 0x0000000000000000, Narrow klass shift: 0, Narrow klass range: 0x0

GC Precious Log:
 CardTable entry size: 512
 Card Set container configuration: InlinePtr #cards 5 size 8 Array Of Cards #cards 12 size 40 Howl #buckets 4 coarsen threshold 1843 Howl Bitmap #cards 512 size 80 coarsen threshold 460 Card regions per heap region 1 cards per card region 2048

Heap:
 garbage-first heap   total 0K, used 0K [0x0000000084000000, 0x0000000100000000)
  region size 1024K, 0 young (0K), 0 survivors (0K)
 Metaspace       used 0K, committed 0K, reserved 0K
  class space    used 0K, committed 0K, reserved 0K

Heap Regions: E=young(eden), S=young(survivor), O=old, HS=humongous(starts), HC=humongous(continues), CS=collection set, F=free, TAMS=top-at-mark-start, PB=parsable bottom

Card table byte_map: [0x000001b6fe080000,0x000001b6fe460000] _byte_map_base: 0x000001b6fdc60000

Marking Bits: (CMBitMap*) 0x000001b6fb95c160
 Bits: [0x000001b692e50000, 0x000001b694d50000)

GC Heap History (0 events):
No events

Dll operation events (1 events):
Event: 0.007 Loaded shared library C:\Program Files\JetBrains\IntelliJ IDEA Community Edition 2024.2.2\jbr\bin\java.dll

Deoptimization events (0 events):
No events

Classes loaded (0 events):
No events

Classes unloaded (0 events):
No events

Classes redefined (0 events):
No events

Internal exceptions (0 events):
No events

ZGC Phase Switch (0 events):
No events

VM Operations (0 events):
No events

Events (0 events):
No events


Dynamic libraries:
0x00007ff733e10000 - 0x00007ff733e1a000 	C:\Program Files\JetBrains\IntelliJ IDEA Community Edition 2024.2.2\jbr\bin\java.exe
0x00007ff930660000 - 0x00007ff9308c7000 	C:\WINDOWS\SYSTEM32\ntdll.dll
0x00007ff92e960000 - 0x00007ff92ea29000 	C:\WINDOWS\System32\KERNEL32.DLL
0x00007ff92dbb0000 - 0x00007ff92dfa4000 	C:\WINDOWS\System32\KERNELBASE.dll
0x00007ff92cfe0000 - 0x00007ff92d12b000 	C:\WINDOWS\System32\ucrtbase.dll
0x00007ff916ee0000 - 0x00007ff916ef8000 	C:\Program Files\JetBrains\IntelliJ IDEA Community Edition 2024.2.2\jbr\bin\jli.dll
0x00007ff91f030000 - 0x00007ff91f04b000 	C:\Program Files\JetBrains\IntelliJ IDEA Community Edition 2024.2.2\jbr\bin\VCRUNTIME140.dll
0x00007ff9303c0000 - 0x00007ff930585000 	C:\WINDOWS\System32\USER32.dll
0x00007ff92e120000 - 0x00007ff92e147000 	C:\WINDOWS\System32\win32u.dll
0x00007ff9160a0000 - 0x00007ff916333000 	C:\WINDOWS\WinSxS\amd64_microsoft.windows.common-controls_6595b64144ccf1df_6.0.26100.8115_none_3e075c82e3354f9c\COMCTL32.dll
0x00007ff92e4a0000 - 0x00007ff92e4cb000 	C:\WINDOWS\System32\GDI32.dll
0x00007ff92e3f0000 - 0x00007ff92e499000 	C:\WINDOWS\System32\msvcrt.dll
0x00007ff92e150000 - 0x00007ff92e27b000 	C:\WINDOWS\System32\gdi32full.dll
0x00007ff92cf30000 - 0x00007ff92cfd3000 	C:\WINDOWS\System32\msvcp_win.dll
0x00007ff92f440000 - 0x00007ff92f472000 	C:\WINDOWS\System32\IMM32.DLL
0x00007ff91d600000 - 0x00007ff91d60c000 	C:\Program Files\JetBrains\IntelliJ IDEA Community Edition 2024.2.2\jbr\bin\vcruntime140_1.dll
0x00007ff90fe60000 - 0x00007ff90feed000 	C:\Program Files\JetBrains\IntelliJ IDEA Community Edition 2024.2.2\jbr\bin\msvcp140.dll
0x00007ff8c1a00000 - 0x00007ff8c27b2000 	C:\Program Files\JetBrains\IntelliJ IDEA Community Edition 2024.2.2\jbr\bin\server\jvm.dll
0x00007ff930280000 - 0x00007ff930336000 	C:\WINDOWS\System32\ADVAPI32.dll
0x00007ff9300d0000 - 0x00007ff930177000 	C:\WINDOWS\System32\sechost.dll
0x00007ff92f480000 - 0x00007ff92f598000 	C:\WINDOWS\System32\RPCRT4.dll
0x00007ff92fbc0000 - 0x00007ff92fc40000 	C:\WINDOWS\System32\WS2_32.dll
0x00007ff91f670000 - 0x00007ff91f67b000 	C:\WINDOWS\SYSTEM32\VERSION.dll
0x00007ff92a200000 - 0x00007ff92a236000 	C:\WINDOWS\SYSTEM32\WINMM.dll
0x00007ff92cd90000 - 0x00007ff92cdee000 	C:\WINDOWS\SYSTEM32\POWRPROF.dll
0x00007ff92cd70000 - 0x00007ff92cd84000 	C:\WINDOWS\SYSTEM32\UMPDC.dll
0x00007ff92bcc0000 - 0x00007ff92bcdb000 	C:\WINDOWS\SYSTEM32\kernel.appcore.dll
0x00007ff91d5b0000 - 0x00007ff91d5ba000 	C:\Program Files\JetBrains\IntelliJ IDEA Community Edition 2024.2.2\jbr\bin\jimage.dll
0x00007ff92add0000 - 0x00007ff92b012000 	C:\WINDOWS\SYSTEM32\DBGHELP.DLL
0x00007ff92f5a0000 - 0x00007ff92f922000 	C:\WINDOWS\System32\combase.dll
0x00007ff92fce0000 - 0x00007ff92fdb8000 	C:\WINDOWS\System32\OLEAUT32.dll
0x00007ff92a170000 - 0x00007ff92a1ab000 	C:\WINDOWS\SYSTEM32\dbgcore.DLL
0x00007ff92dfb0000 - 0x00007ff92e055000 	C:\WINDOWS\System32\bcryptPrimitives.dll
0x00007ff91d450000 - 0x00007ff91d46f000 	C:\Program Files\JetBrains\IntelliJ IDEA Community Edition 2024.2.2\jbr\bin\java.dll

dbghelp: loaded successfully - version: 4.0.5 - missing functions: none
symbol engine: initialized successfully - sym options: 0x614 - pdb path: .;C:\Program Files\JetBrains\IntelliJ IDEA Community Edition 2024.2.2\jbr\bin;C:\WINDOWS\SYSTEM32;C:\WINDOWS\WinSxS\amd64_microsoft.windows.common-controls_6595b64144ccf1df_6.0.26100.8115_none_3e075c82e3354f9c;C:\Program Files\JetBrains\IntelliJ IDEA Community Edition 2024.2.2\jbr\bin\server

VM Arguments:
java_command: git4idea.http.GitAskPassApp Username for 'https://github.com': 
java_class_path (initial): C:/Program Files/JetBrains/IntelliJ IDEA Community Edition 2024.2.2/plugins/vcs-git/lib/git4idea-rt.jar;C:/Program Files/JetBrains/IntelliJ IDEA Community Edition 2024.2.2/lib/externalProcess-rt.jar
Launcher Type: SUN_STANDARD

[Global flags]
     intx CICompilerCount                          = 4                                         {product} {ergonomic}
     uint ConcGCThreads                            = 2                                         {product} {ergonomic}
     uint G1ConcRefinementThreads                  = 8                                         {product} {ergonomic}
   size_t G1HeapRegionSize                         = 1048576                                   {product} {ergonomic}
    uintx GCDrainStackTargetSize                   = 64                                        {product} {ergonomic}
   size_t InitialHeapSize                          = 130023424                                 {product} {ergonomic}
   size_t MarkStackSize                            = 4194304                                   {product} {ergonomic}
   size_t MaxHeapSize                              = 2080374784                                {product} {ergonomic}
   size_t MinHeapDeltaBytes                        = 1048576                                   {product} {ergonomic}
   size_t MinHeapSize                              = 8388608                                   {product} {ergonomic}
    uintx NonNMethodCodeHeapSize                   = 5839372                                {pd product} {ergonomic}
    uintx NonProfiledCodeHeapSize                  = 122909434                              {pd product} {ergonomic}
    uintx ProfiledCodeHeapSize                     = 122909434                              {pd product} {ergonomic}
    uintx ReservedCodeCacheSize                    = 251658240                              {pd product} {ergonomic}
     bool SegmentedCodeCache                       = true                                      {product} {ergonomic}
   size_t SoftMaxHeapSize                          = 2080374784                             {manageable} {ergonomic}
     bool UseCompressedOops                        = true                           {product lp64_product} {ergonomic}
     bool UseG1GC                                  = true                                      {product} {ergonomic}
     bool UseLargePagesIndividualAllocation        = false                                  {pd product} {ergonomic}

Logging:
Log output configuration:
 #0: stdout all=warning uptime,level,tags foldmultilines=false
 #1: stderr all=off uptime,level,tags foldmultilines=false

Environment Variables:
JAVA_HOME=C:\Program Files\Java\openjdk-17.0.2
PATH=C:\Program Files\Git\mingw64\libexec\git-core;C:\Program Files\Git\mingw64\libexec\git-core;C:\Program Files\Git\mingw64\bin;C:\Program Files\Git\usr\bin;C:\Users\Akshay\bin;C:\Program Files (x86)\Common Files\Oracle\Java\java8path;C:\Program Files (x86)\Common Files\Oracle\Java\javapath;C:\WINDOWS\system32;C:\WINDOWS;C:\WINDOWS\System32\Wbem;C:\WINDOWS\System32\WindowsPowerShell\v1.0;C:\WINDOWS\System32\OpenSSH;%JAVA_HOME%\bin;C:\Program Files\dotnet;C:\Program Files\Docker\Docker\resources\bin;C:\Program Files\TortoiseGit\bin;C:\Program Files\nodejs;C:\Program Files\Git\cmd;C:\Users\Akshay\AppData\Local\Microsoft\WindowsApps;C:\Users\Akshay\AppData\Local\Programs\Microsoft VS Code\bin;C:\Users\Akshay\AppData\Roaming\npm
USERNAME=Akshay
DISPLAY=:0.0
LC_ALL=en_US.UTF-8
TERM=xterm-256color
TMPDIR=C:\Users\Akshay\AppData\Local\Temp
OS=Windows_NT
PROCESSOR_IDENTIFIER=Intel64 Family 6 Model 140 Stepping 2, GenuineIntel
TMP=C:\Users\Akshay\AppData\Local\Temp
TEMP=C:\Users\Akshay\AppData\Local\Temp




Periodic native trim disabled

JNI global refs:
JNI global refs: 0, weak refs: 0

JNI global refs memory usage: 0, weak refs: 0

Process memory usage:
Resident Set Size: 13324K (0% of 8125220K total physical memory with 462788K free physical memory)

OOME stack traces (most recent first):
Classloader memory used:

---------------  S Y S T E M  ---------------

OS:
 Windows 11 , 64 bit Build 26100 (10.0.26100.8246)
OS uptime: 21 days 18:09 hours
Hyper-V role detected

CPU: total 8 (initial active 8) (4 cores per cpu, 2 threads per core) family 6 model 140 stepping 2 microcode 0x3c, cx8, cmov, fxsr, ht, mmx, 3dnowpref, sse, sse2, sse3, ssse3, sse4.1, sse4.2, popcnt, lzcnt, tsc, tscinvbit, avx, avx2, aes, erms, clmul, bmi1, bmi2, adx, avx512f, avx512dq, avx512cd, avx512bw, avx512vl, sha, fma, vzeroupper, avx512_vpopcntdq, avx512_vpclmulqdq, avx512_vaes, avx512_vnni, clflush, clflushopt, clwb, avx512_vbmi2, avx512_vbmi, hv, rdtscp, rdpid, fsrm, gfni, avx512_bitalg, f16c, cet_ibt, cet_ss, avx512_ifma
Processor Information for all 8 processors :
  Max Mhz: 1498, Current Mhz: 1498, Mhz Limit: 1498

Memory: 4k page, system-wide physical 7934M (451M free)
TotalPageFile size 32510M (AvailPageFile size 112M)
current process WorkingSet (physical memory assigned to process): 13M, peak: 13M
current process commit charge ("private bytes"): 60M, peak: 184M

vm_info: OpenJDK 64-Bit Server VM (21.0.3+13-b509.15) for windows-amd64 JRE (21.0.3+13-b509.15), built on 2024-09-04 by "builduser" with MS VC++ 16.10 / 16.11 (VS2019)

END.
