#
# There is insufficient memory for the Java Runtime Environment to continue.
# Native memory allocation (mmap) failed to map 65536 bytes for Failed to commit metaspace.
# Possible reasons:
#   The system is out of physical RAM or swap space
#   The process is running with CompressedOops enabled, and the Java Heap may be blocking the growth of the native heap
# Possible solutions:
#   Reduce memory load on the system
#   Increase physical memory or swap space
#   Check if swap backing store is full
#   Decrease Java heap size (-Xmx/-Xms)
#   Decrease number of Java threads
#   Decrease Java thread stack sizes (-Xss)
#   Set larger code cache with -XX:ReservedCodeCacheSize=
#   JVM is running with Unscaled Compressed Oops mode in which the Java heap is
#     placed in the first 4GB address space. The Java Heap base address is the
#     maximum limit for the native heap growth. Please use -XX:HeapBaseMinAddress
#     to set the Java Heap base and to place the Java Heap above 4GB virtual address.
# This output file may be truncated or incomplete.
#
#  Out of Memory Error (virtualSpaceNode.cpp:110), pid=58336, tid=2648
#
# JRE version: OpenJDK Runtime Environment (17.0.2+8) (build 17.0.2+8-86)
# Java VM: OpenJDK 64-Bit Server VM (17.0.2+8-86, mixed mode, sharing, tiered, compressed oops, compressed class ptrs, g1 gc, windows-amd64)
# No core dump will be written. Minidumps are not enabled by default on client versions of Windows
#

---------------  S U M M A R Y ------------

Command Line: --enable-native-access=ALL-UNNAMED -Dclassworlds.conf=C:\Users\Akshay\.m2\wrapper\dists\apache-maven-3.9.16\0daed3be3ebd1c706f0e69e8b07c6b73f5cc4ea3dfce72a8d0ec2e849ca2ddb0\bin\m2.conf -Dmaven.home=C:\Users\Akshay\.m2\wrapper\dists\apache-maven-3.9.16\0daed3be3ebd1c706f0e69e8b07c6b73f5cc4ea3dfce72a8d0ec2e849ca2ddb0 -Dlibrary.jansi.path=C:\Users\Akshay\.m2\wrapper\dists\apache-maven-3.9.16\0daed3be3ebd1c706f0e69e8b07c6b73f5cc4ea3dfce72a8d0ec2e849ca2ddb0\lib\jansi-native -Dmaven.multiModuleProjectDirectory=D:\akshays-workspace\Spring\contract-first-rest-api\contract-first-rest-api org.codehaus.plexus.classworlds.launcher.Launcher clean generate-sources

Host: 11th Gen Intel(R) Core(TM) i5-1155G7 @ 2.50GHz, 8 cores, 7G,  Windows 11 , 64 bit Build 26100 (10.0.26100.8246)
Time: Sat May 30 07:07:58 2026 India Standard Time elapsed time: 9.663134 seconds (0d 0h 0m 9s)

---------------  T H R E A D  ---------------

Current thread (0x0000017ef8aa6b60):  JavaThread "C1 CompilerThread0" daemon [_thread_in_vm, id=2648, stack(0x0000006827e00000,0x0000006827f00000)]


Current CompileTask:
C1:   9663 1727       3       com.google.common.cache.LocalCache$Segment::scheduleRefresh (66 bytes)

Stack: [0x0000006827e00000,0x0000006827f00000]
Native frames: (J=compiled Java code, j=interpreted, Vv=VM code, C=native code)
V  [jvm.dll+0x670baa]
V  [jvm.dll+0x7cfcb4]
V  [jvm.dll+0x7d145e]
V  [jvm.dll+0x7d1ac3]
V  [jvm.dll+0x242bc5]
V  [jvm.dll+0x7cbc5b]
V  [jvm.dll+0x616966]
V  [jvm.dll+0x1be3ee]
V  [jvm.dll+0x6192a1]
V  [jvm.dll+0x617306]
V  [jvm.dll+0x62846a]
V  [jvm.dll+0x62127a]
V  [jvm.dll+0x1ca2c0]
V  [jvm.dll+0x1ca4af]
V  [jvm.dll+0x13203e]
V  [jvm.dll+0x132366]
V  [jvm.dll+0x1317fa]
V  [jvm.dll+0x1334c1]
V  [jvm.dll+0x224908]
V  [jvm.dll+0x222a6c]
V  [jvm.dll+0x7859bb]
V  [jvm.dll+0x77ff7a]
V  [jvm.dll+0x66fa35]
C  [ucrtbase.dll+0x37b0]
C  [KERNEL32.DLL+0x2e8d7]
C  [ntdll.dll+0x8c3fc]


---------------  P R O C E S S  ---------------

Threads class SMR info:
_java_thread_list=0x0000017ef9897f00, length=13, elements={
0x0000017ee9b65f00, 0x0000017ef8a8c0e0, 0x0000017ef8a8c6a0, 0x0000017ef8a9fb30,
0x0000017ef8aa00f0, 0x0000017ef8aa06b0, 0x0000017ef8aa4c80, 0x0000017ef8aa5d10,
0x0000017ef8aa6b60, 0x0000017ef8aa9170, 0x0000017ef9503f10, 0x0000017ef950edc0,
0x0000017ef96df470
}

Java Threads: ( => current thread )
  0x0000017ee9b65f00 JavaThread "main" [_thread_in_vm, id=38252, stack(0x0000006827000000,0x0000006827100000)]
  0x0000017ef8a8c0e0 JavaThread "Reference Handler" daemon [_thread_blocked, id=59364, stack(0x0000006827700000,0x0000006827800000)]
  0x0000017ef8a8c6a0 JavaThread "Finalizer" daemon [_thread_blocked, id=59632, stack(0x0000006827800000,0x0000006827900000)]
  0x0000017ef8a9fb30 JavaThread "Signal Dispatcher" daemon [_thread_blocked, id=2244, stack(0x0000006827900000,0x0000006827a00000)]
  0x0000017ef8aa00f0 JavaThread "Attach Listener" daemon [_thread_blocked, id=8252, stack(0x0000006827a00000,0x0000006827b00000)]
  0x0000017ef8aa06b0 JavaThread "Service Thread" daemon [_thread_blocked, id=10820, stack(0x0000006827b00000,0x0000006827c00000)]
  0x0000017ef8aa4c80 JavaThread "Monitor Deflation Thread" daemon [_thread_blocked, id=3900, stack(0x0000006827c00000,0x0000006827d00000)]
  0x0000017ef8aa5d10 JavaThread "C2 CompilerThread0" daemon [_thread_blocked, id=38740, stack(0x0000006827d00000,0x0000006827e00000)]
=>0x0000017ef8aa6b60 JavaThread "C1 CompilerThread0" daemon [_thread_in_vm, id=2648, stack(0x0000006827e00000,0x0000006827f00000)]
  0x0000017ef8aa9170 JavaThread "Sweeper thread" daemon [_thread_blocked, id=43192, stack(0x0000006827f00000,0x0000006828000000)]
  0x0000017ef9503f10 JavaThread "Notification Thread" daemon [_thread_blocked, id=46220, stack(0x0000006828000000,0x0000006828100000)]
  0x0000017ef950edc0 JavaThread "Common-Cleaner" daemon [_thread_blocked, id=16612, stack(0x0000006828200000,0x0000006828300000)]
  0x0000017ef96df470 JavaThread "C2 CompilerThread1" daemon [_thread_blocked, id=25292, stack(0x0000006828300000,0x0000006828400000)]

Other Threads:
  0x0000017ef8a84f90 VMThread "VM Thread" [stack: 0x0000006827600000,0x0000006827700000] [id=57716] _threads_hazard_ptr=0x0000017ef9897f00
  0x0000017ee9c11d30 WatcherThread [stack: 0x0000006828100000,0x0000006828200000] [id=58584]
  0x0000017ee9ba4140 GCTaskThread "GC Thread#0" [stack: 0x0000006827100000,0x0000006827200000] [id=57308]
  0x0000017ef96d3260 GCTaskThread "GC Thread#1" [stack: 0x0000006828400000,0x0000006828500000] [id=41292]
  0x0000017ef9dc5ee0 GCTaskThread "GC Thread#2" [stack: 0x0000006828500000,0x0000006828600000] [id=45588]
  0x0000017ef9e0ce20 GCTaskThread "GC Thread#3" [stack: 0x0000006828600000,0x0000006828700000] [id=24216]
  0x0000017efa032010 GCTaskThread "GC Thread#4" [stack: 0x0000006828700000,0x0000006828800000] [id=37440]
  0x0000017efa0322c0 GCTaskThread "GC Thread#5" [stack: 0x0000006828800000,0x0000006828900000] [id=26308]
  0x0000017efa032570 GCTaskThread "GC Thread#6" [stack: 0x0000006828900000,0x0000006828a00000] [id=32080]
  0x0000017ef9e3fcd0 GCTaskThread "GC Thread#7" [stack: 0x0000006828a00000,0x0000006828b00000] [id=31040]
  0x0000017ee9bb4880 ConcurrentGCThread "G1 Main Marker" [stack: 0x0000006827200000,0x0000006827300000] [id=60180]
  0x0000017ee9bb8e80 ConcurrentGCThread "G1 Conc#0" [stack: 0x0000006827300000,0x0000006827400000] [id=12976]
  0x0000017ef8929500 ConcurrentGCThread "G1 Refine#0" [stack: 0x0000006827400000,0x0000006827500000] [id=23428]
  0x0000017ef89298d0 ConcurrentGCThread "G1 Service" [stack: 0x0000006827500000,0x0000006827600000] [id=48108]

Threads with active compile tasks:
C1 CompilerThread0     9696 1727       3       com.google.common.cache.LocalCache$Segment::scheduleRefresh (66 bytes)

VM state: synchronizing (normal execution)

VM Mutex/Monitor currently owned by a thread:  ([mutex/lock_event])
[0x0000017ee9b63bb0] Metaspace_lock - owner thread: 0x0000017ef8aa6b60
[0x0000017ee9b65230] Threads_lock - owner thread: 0x0000017ef8a84f90
[0x0000017ee79bab40] MethodData_lock - owner thread: 0x0000017ef8aa6b60

Heap address: 0x0000000084000000, size: 1984 MB, Compressed Oops mode: 32-bit

CDS archive(s) mapped at: [0x0000000800000000-0x0000000800bc0000-0x0000000800bc0000), size 12320768, SharedBaseAddress: 0x0000000800000000, ArchiveRelocationMode: 0.
Compressed class space mapped at: 0x0000000800c00000-0x0000000840c00000, reserved size: 1073741824
Narrow klass base: 0x0000000800000000, Narrow klass shift: 0, Narrow klass range: 0x100000000

GC Precious Log:
 CPUs: 8 total, 8 available
 Memory: 7934M
 Large Page Support: Disabled
 NUMA Support: Disabled
 Compressed Oops: Enabled (32-bit)
 Heap Region Size: 1M
 Heap Min Capacity: 8M
 Heap Initial Capacity: 124M
 Heap Max Capacity: 1984M
 Pre-touch: Disabled
 Parallel Workers: 8
 Concurrent Workers: 2
 Concurrent Refinement Workers: 8
 Periodic GC: Disabled

Heap:
 garbage-first heap   total 126976K, used 9077K [0x0000000084000000, 0x0000000100000000)
  region size 1024K, 7 young (7168K), 2 survivors (2048K)
 Metaspace       used 9560K, committed 9728K, reserved 1064960K
  class space    used 1170K, committed 1280K, reserved 1048576K

Heap Regions: E=young(eden), S=young(survivor), O=old, HS=humongous(starts), HC=humongous(continues), CS=collection set, F=free, OA=open archive, CA=closed archive, TAMS=top-at-mark-start (previous, next)
|   0|0x0000000084000000, 0x0000000084100000, 0x0000000084100000|100%| O|  |TAMS 0x0000000084000000, 0x0000000084000000| Untracked 
|   1|0x0000000084100000, 0x0000000084200000, 0x0000000084200000|100%| O|  |TAMS 0x0000000084100000, 0x0000000084100000| Untracked 
|   2|0x0000000084200000, 0x0000000084300000, 0x0000000084300000|100%| O|  |TAMS 0x0000000084200000, 0x0000000084200000| Untracked 
|   3|0x0000000084300000, 0x0000000084351a00, 0x0000000084400000| 31%| O|  |TAMS 0x0000000084300000, 0x0000000084300000| Untracked 
|   4|0x0000000084400000, 0x0000000084400000, 0x0000000084500000|  0%| F|  |TAMS 0x0000000084400000, 0x0000000084400000| Untracked 
|   5|0x0000000084500000, 0x0000000084500000, 0x0000000084600000|  0%| F|  |TAMS 0x0000000084500000, 0x0000000084500000| Untracked 
|   6|0x0000000084600000, 0x0000000084600000, 0x0000000084700000|  0%| F|  |TAMS 0x0000000084600000, 0x0000000084600000| Untracked 
|   7|0x0000000084700000, 0x0000000084700000, 0x0000000084800000|  0%| F|  |TAMS 0x0000000084700000, 0x0000000084700000| Untracked 
|   8|0x0000000084800000, 0x0000000084800000, 0x0000000084900000|  0%| F|  |TAMS 0x0000000084800000, 0x0000000084800000| Untracked 
|   9|0x0000000084900000, 0x0000000084900000, 0x0000000084a00000|  0%| F|  |TAMS 0x0000000084900000, 0x0000000084900000| Untracked 
|  10|0x0000000084a00000, 0x0000000084a00000, 0x0000000084b00000|  0%| F|  |TAMS 0x0000000084a00000, 0x0000000084a00000| Untracked 
|  11|0x0000000084b00000, 0x0000000084b00000, 0x0000000084c00000|  0%| F|  |TAMS 0x0000000084b00000, 0x0000000084b00000| Untracked 
|  12|0x0000000084c00000, 0x0000000084c00000, 0x0000000084d00000|  0%| F|  |TAMS 0x0000000084c00000, 0x0000000084c00000| Untracked 
|  13|0x0000000084d00000, 0x0000000084d00000, 0x0000000084e00000|  0%| F|  |TAMS 0x0000000084d00000, 0x0000000084d00000| Untracked 
|  14|0x0000000084e00000, 0x0000000084e00000, 0x0000000084f00000|  0%| F|  |TAMS 0x0000000084e00000, 0x0000000084e00000| Untracked 
|  15|0x0000000084f00000, 0x0000000084f00000, 0x0000000085000000|  0%| F|  |TAMS 0x0000000084f00000, 0x0000000084f00000| Untracked 
|  16|0x0000000085000000, 0x0000000085000000, 0x0000000085100000|  0%| F|  |TAMS 0x0000000085000000, 0x0000000085000000| Untracked 
|  17|0x0000000085100000, 0x0000000085100000, 0x0000000085200000|  0%| F|  |TAMS 0x0000000085100000, 0x0000000085100000| Untracked 
|  18|0x0000000085200000, 0x0000000085200000, 0x0000000085300000|  0%| F|  |TAMS 0x0000000085200000, 0x0000000085200000| Untracked 
|  19|0x0000000085300000, 0x0000000085300000, 0x0000000085400000|  0%| F|  |TAMS 0x0000000085300000, 0x0000000085300000| Untracked 
|  20|0x0000000085400000, 0x0000000085400000, 0x0000000085500000|  0%| F|  |TAMS 0x0000000085400000, 0x0000000085400000| Untracked 
|  21|0x0000000085500000, 0x0000000085500000, 0x0000000085600000|  0%| F|  |TAMS 0x0000000085500000, 0x0000000085500000| Untracked 
|  22|0x0000000085600000, 0x0000000085600000, 0x0000000085700000|  0%| F|  |TAMS 0x0000000085600000, 0x0000000085600000| Untracked 
|  23|0x0000000085700000, 0x0000000085700000, 0x0000000085800000|  0%| F|  |TAMS 0x0000000085700000, 0x0000000085700000| Untracked 
|  24|0x0000000085800000, 0x0000000085800000, 0x0000000085900000|  0%| F|  |TAMS 0x0000000085800000, 0x0000000085800000| Untracked 
|  25|0x0000000085900000, 0x0000000085900000, 0x0000000085a00000|  0%| F|  |TAMS 0x0000000085900000, 0x0000000085900000| Untracked 
|  26|0x0000000085a00000, 0x0000000085a00000, 0x0000000085b00000|  0%| F|  |TAMS 0x0000000085a00000, 0x0000000085a00000| Untracked 
|  27|0x0000000085b00000, 0x0000000085b00000, 0x0000000085c00000|  0%| F|  |TAMS 0x0000000085b00000, 0x0000000085b00000| Untracked 
|  28|0x0000000085c00000, 0x0000000085c00000, 0x0000000085d00000|  0%| F|  |TAMS 0x0000000085c00000, 0x0000000085c00000| Untracked 
|  29|0x0000000085d00000, 0x0000000085d00000, 0x0000000085e00000|  0%| F|  |TAMS 0x0000000085d00000, 0x0000000085d00000| Untracked 
|  30|0x0000000085e00000, 0x0000000085e00000, 0x0000000085f00000|  0%| F|  |TAMS 0x0000000085e00000, 0x0000000085e00000| Untracked 
|  31|0x0000000085f00000, 0x0000000085f00000, 0x0000000086000000|  0%| F|  |TAMS 0x0000000085f00000, 0x0000000085f00000| Untracked 
|  32|0x0000000086000000, 0x0000000086000000, 0x0000000086100000|  0%| F|  |TAMS 0x0000000086000000, 0x0000000086000000| Untracked 
|  33|0x0000000086100000, 0x0000000086100000, 0x0000000086200000|  0%| F|  |TAMS 0x0000000086100000, 0x0000000086100000| Untracked 
|  34|0x0000000086200000, 0x0000000086200000, 0x0000000086300000|  0%| F|  |TAMS 0x0000000086200000, 0x0000000086200000| Untracked 
|  35|0x0000000086300000, 0x0000000086300000, 0x0000000086400000|  0%| F|  |TAMS 0x0000000086300000, 0x0000000086300000| Untracked 
|  36|0x0000000086400000, 0x0000000086400000, 0x0000000086500000|  0%| F|  |TAMS 0x0000000086400000, 0x0000000086400000| Untracked 
|  37|0x0000000086500000, 0x0000000086500000, 0x0000000086600000|  0%| F|  |TAMS 0x0000000086500000, 0x0000000086500000| Untracked 
|  38|0x0000000086600000, 0x0000000086600000, 0x0000000086700000|  0%| F|  |TAMS 0x0000000086600000, 0x0000000086600000| Untracked 
|  39|0x0000000086700000, 0x0000000086700000, 0x0000000086800000|  0%| F|  |TAMS 0x0000000086700000, 0x0000000086700000| Untracked 
|  40|0x0000000086800000, 0x0000000086800000, 0x0000000086900000|  0%| F|  |TAMS 0x0000000086800000, 0x0000000086800000| Untracked 
|  41|0x0000000086900000, 0x0000000086900000, 0x0000000086a00000|  0%| F|  |TAMS 0x0000000086900000, 0x0000000086900000| Untracked 
|  42|0x0000000086a00000, 0x0000000086a00000, 0x0000000086b00000|  0%| F|  |TAMS 0x0000000086a00000, 0x0000000086a00000| Untracked 
|  43|0x0000000086b00000, 0x0000000086b00000, 0x0000000086c00000|  0%| F|  |TAMS 0x0000000086b00000, 0x0000000086b00000| Untracked 
|  44|0x0000000086c00000, 0x0000000086c00000, 0x0000000086d00000|  0%| F|  |TAMS 0x0000000086c00000, 0x0000000086c00000| Untracked 
|  45|0x0000000086d00000, 0x0000000086d00000, 0x0000000086e00000|  0%| F|  |TAMS 0x0000000086d00000, 0x0000000086d00000| Untracked 
|  46|0x0000000086e00000, 0x0000000086e00000, 0x0000000086f00000|  0%| F|  |TAMS 0x0000000086e00000, 0x0000000086e00000| Untracked 
|  47|0x0000000086f00000, 0x0000000086f00000, 0x0000000087000000|  0%| F|  |TAMS 0x0000000086f00000, 0x0000000086f00000| Untracked 
|  48|0x0000000087000000, 0x0000000087000000, 0x0000000087100000|  0%| F|  |TAMS 0x0000000087000000, 0x0000000087000000| Untracked 
|  49|0x0000000087100000, 0x0000000087100000, 0x0000000087200000|  0%| F|  |TAMS 0x0000000087100000, 0x0000000087100000| Untracked 
|  50|0x0000000087200000, 0x0000000087200000, 0x0000000087300000|  0%| F|  |TAMS 0x0000000087200000, 0x0000000087200000| Untracked 
|  51|0x0000000087300000, 0x0000000087300000, 0x0000000087400000|  0%| F|  |TAMS 0x0000000087300000, 0x0000000087300000| Untracked 
|  52|0x0000000087400000, 0x0000000087400000, 0x0000000087500000|  0%| F|  |TAMS 0x0000000087400000, 0x0000000087400000| Untracked 
|  53|0x0000000087500000, 0x0000000087500000, 0x0000000087600000|  0%| F|  |TAMS 0x0000000087500000, 0x0000000087500000| Untracked 
|  54|0x0000000087600000, 0x0000000087600000, 0x0000000087700000|  0%| F|  |TAMS 0x0000000087600000, 0x0000000087600000| Untracked 
|  55|0x0000000087700000, 0x0000000087700000, 0x0000000087800000|  0%| F|  |TAMS 0x0000000087700000, 0x0000000087700000| Untracked 
|  56|0x0000000087800000, 0x0000000087800000, 0x0000000087900000|  0%| F|  |TAMS 0x0000000087800000, 0x0000000087800000| Untracked 
|  57|0x0000000087900000, 0x0000000087900000, 0x0000000087a00000|  0%| F|  |TAMS 0x0000000087900000, 0x0000000087900000| Untracked 
|  58|0x0000000087a00000, 0x0000000087a00000, 0x0000000087b00000|  0%| F|  |TAMS 0x0000000087a00000, 0x0000000087a00000| Untracked 
|  59|0x0000000087b00000, 0x0000000087b00000, 0x0000000087c00000|  0%| F|  |TAMS 0x0000000087b00000, 0x0000000087b00000| Untracked 
|  60|0x0000000087c00000, 0x0000000087c00000, 0x0000000087d00000|  0%| F|  |TAMS 0x0000000087c00000, 0x0000000087c00000| Untracked 
|  61|0x0000000087d00000, 0x0000000087d00000, 0x0000000087e00000|  0%| F|  |TAMS 0x0000000087d00000, 0x0000000087d00000| Untracked 
|  62|0x0000000087e00000, 0x0000000087e00000, 0x0000000087f00000|  0%| F|  |TAMS 0x0000000087e00000, 0x0000000087e00000| Untracked 
|  63|0x0000000087f00000, 0x0000000087f00000, 0x0000000088000000|  0%| F|  |TAMS 0x0000000087f00000, 0x0000000087f00000| Untracked 
|  64|0x0000000088000000, 0x0000000088000000, 0x0000000088100000|  0%| F|  |TAMS 0x0000000088000000, 0x0000000088000000| Untracked 
|  65|0x0000000088100000, 0x0000000088100000, 0x0000000088200000|  0%| F|  |TAMS 0x0000000088100000, 0x0000000088100000| Untracked 
|  66|0x0000000088200000, 0x0000000088200000, 0x0000000088300000|  0%| F|  |TAMS 0x0000000088200000, 0x0000000088200000| Untracked 
|  67|0x0000000088300000, 0x0000000088300000, 0x0000000088400000|  0%| F|  |TAMS 0x0000000088300000, 0x0000000088300000| Untracked 
|  68|0x0000000088400000, 0x0000000088400000, 0x0000000088500000|  0%| F|  |TAMS 0x0000000088400000, 0x0000000088400000| Untracked 
|  69|0x0000000088500000, 0x0000000088500000, 0x0000000088600000|  0%| F|  |TAMS 0x0000000088500000, 0x0000000088500000| Untracked 
|  70|0x0000000088600000, 0x0000000088600000, 0x0000000088700000|  0%| F|  |TAMS 0x0000000088600000, 0x0000000088600000| Untracked 
|  71|0x0000000088700000, 0x0000000088700000, 0x0000000088800000|  0%| F|  |TAMS 0x0000000088700000, 0x0000000088700000| Untracked 
|  72|0x0000000088800000, 0x0000000088800000, 0x0000000088900000|  0%| F|  |TAMS 0x0000000088800000, 0x0000000088800000| Untracked 
|  73|0x0000000088900000, 0x0000000088900000, 0x0000000088a00000|  0%| F|  |TAMS 0x0000000088900000, 0x0000000088900000| Untracked 
|  74|0x0000000088a00000, 0x0000000088a00000, 0x0000000088b00000|  0%| F|  |TAMS 0x0000000088a00000, 0x0000000088a00000| Untracked 
|  75|0x0000000088b00000, 0x0000000088b00000, 0x0000000088c00000|  0%| F|  |TAMS 0x0000000088b00000, 0x0000000088b00000| Untracked 
|  76|0x0000000088c00000, 0x0000000088c00000, 0x0000000088d00000|  0%| F|  |TAMS 0x0000000088c00000, 0x0000000088c00000| Untracked 
|  77|0x0000000088d00000, 0x0000000088d00000, 0x0000000088e00000|  0%| F|  |TAMS 0x0000000088d00000, 0x0000000088d00000| Untracked 
|  78|0x0000000088e00000, 0x0000000088e00000, 0x0000000088f00000|  0%| F|  |TAMS 0x0000000088e00000, 0x0000000088e00000| Untracked 
|  79|0x0000000088f00000, 0x0000000088f00000, 0x0000000089000000|  0%| F|  |TAMS 0x0000000088f00000, 0x0000000088f00000| Untracked 
|  80|0x0000000089000000, 0x0000000089000000, 0x0000000089100000|  0%| F|  |TAMS 0x0000000089000000, 0x0000000089000000| Untracked 
|  81|0x0000000089100000, 0x0000000089100000, 0x0000000089200000|  0%| F|  |TAMS 0x0000000089100000, 0x0000000089100000| Untracked 
|  82|0x0000000089200000, 0x0000000089200000, 0x0000000089300000|  0%| F|  |TAMS 0x0000000089200000, 0x0000000089200000| Untracked 
|  83|0x0000000089300000, 0x0000000089300000, 0x0000000089400000|  0%| F|  |TAMS 0x0000000089300000, 0x0000000089300000| Untracked 
|  84|0x0000000089400000, 0x0000000089400000, 0x0000000089500000|  0%| F|  |TAMS 0x0000000089400000, 0x0000000089400000| Untracked 
|  85|0x0000000089500000, 0x0000000089500000, 0x0000000089600000|  0%| F|  |TAMS 0x0000000089500000, 0x0000000089500000| Untracked 
|  86|0x0000000089600000, 0x0000000089600000, 0x0000000089700000|  0%| F|  |TAMS 0x0000000089600000, 0x0000000089600000| Untracked 
|  87|0x0000000089700000, 0x0000000089700000, 0x0000000089800000|  0%| F|  |TAMS 0x0000000089700000, 0x0000000089700000| Untracked 
|  88|0x0000000089800000, 0x0000000089800000, 0x0000000089900000|  0%| F|  |TAMS 0x0000000089800000, 0x0000000089800000| Untracked 
|  89|0x0000000089900000, 0x0000000089900000, 0x0000000089a00000|  0%| F|  |TAMS 0x0000000089900000, 0x0000000089900000| Untracked 
|  90|0x0000000089a00000, 0x0000000089a00000, 0x0000000089b00000|  0%| F|  |TAMS 0x0000000089a00000, 0x0000000089a00000| Untracked 
|  91|0x0000000089b00000, 0x0000000089b00000, 0x0000000089c00000|  0%| F|  |TAMS 0x0000000089b00000, 0x0000000089b00000| Untracked 
|  92|0x0000000089c00000, 0x0000000089c00000, 0x0000000089d00000|  0%| F|  |TAMS 0x0000000089c00000, 0x0000000089c00000| Untracked 
|  93|0x0000000089d00000, 0x0000000089d00000, 0x0000000089e00000|  0%| F|  |TAMS 0x0000000089d00000, 0x0000000089d00000| Untracked 
|  94|0x0000000089e00000, 0x0000000089e00000, 0x0000000089f00000|  0%| F|  |TAMS 0x0000000089e00000, 0x0000000089e00000| Untracked 
|  95|0x0000000089f00000, 0x0000000089f00000, 0x000000008a000000|  0%| F|  |TAMS 0x0000000089f00000, 0x0000000089f00000| Untracked 
|  96|0x000000008a000000, 0x000000008a000000, 0x000000008a100000|  0%| F|  |TAMS 0x000000008a000000, 0x000000008a000000| Untracked 
|  97|0x000000008a100000, 0x000000008a100000, 0x000000008a200000|  0%| F|  |TAMS 0x000000008a100000, 0x000000008a100000| Untracked 
|  98|0x000000008a200000, 0x000000008a200000, 0x000000008a300000|  0%| F|  |TAMS 0x000000008a200000, 0x000000008a200000| Untracked 
|  99|0x000000008a300000, 0x000000008a300000, 0x000000008a400000|  0%| F|  |TAMS 0x000000008a300000, 0x000000008a300000| Untracked 
| 100|0x000000008a400000, 0x000000008a48bc78, 0x000000008a500000| 54%| S|CS|TAMS 0x000000008a400000, 0x000000008a400000| Complete 
| 101|0x000000008a500000, 0x000000008a600000, 0x000000008a600000|100%| S|CS|TAMS 0x000000008a500000, 0x000000008a500000| Complete 
| 102|0x000000008a600000, 0x000000008a600000, 0x000000008a700000|  0%| F|  |TAMS 0x000000008a600000, 0x000000008a600000| Untracked 
| 103|0x000000008a700000, 0x000000008a700000, 0x000000008a800000|  0%| F|  |TAMS 0x000000008a700000, 0x000000008a700000| Untracked 
| 104|0x000000008a800000, 0x000000008a800000, 0x000000008a900000|  0%| F|  |TAMS 0x000000008a800000, 0x000000008a800000| Untracked 
| 105|0x000000008a900000, 0x000000008a900000, 0x000000008aa00000|  0%| F|  |TAMS 0x000000008a900000, 0x000000008a900000| Untracked 
| 106|0x000000008aa00000, 0x000000008aa00000, 0x000000008ab00000|  0%| F|  |TAMS 0x000000008aa00000, 0x000000008aa00000| Untracked 
| 107|0x000000008ab00000, 0x000000008ab00000, 0x000000008ac00000|  0%| F|  |TAMS 0x000000008ab00000, 0x000000008ab00000| Untracked 
| 108|0x000000008ac00000, 0x000000008ac00000, 0x000000008ad00000|  0%| F|  |TAMS 0x000000008ac00000, 0x000000008ac00000| Untracked 
| 109|0x000000008ad00000, 0x000000008ad00000, 0x000000008ae00000|  0%| F|  |TAMS 0x000000008ad00000, 0x000000008ad00000| Untracked 
| 110|0x000000008ae00000, 0x000000008ae00000, 0x000000008af00000|  0%| F|  |TAMS 0x000000008ae00000, 0x000000008ae00000| Untracked 
| 111|0x000000008af00000, 0x000000008af00000, 0x000000008b000000|  0%| F|  |TAMS 0x000000008af00000, 0x000000008af00000| Untracked 
| 112|0x000000008b000000, 0x000000008b000000, 0x000000008b100000|  0%| F|  |TAMS 0x000000008b000000, 0x000000008b000000| Untracked 
| 113|0x000000008b100000, 0x000000008b100000, 0x000000008b200000|  0%| F|  |TAMS 0x000000008b100000, 0x000000008b100000| Untracked 
| 114|0x000000008b200000, 0x000000008b200000, 0x000000008b300000|  0%| F|  |TAMS 0x000000008b200000, 0x000000008b200000| Untracked 
| 115|0x000000008b300000, 0x000000008b300000, 0x000000008b400000|  0%| F|  |TAMS 0x000000008b300000, 0x000000008b300000| Untracked 
| 116|0x000000008b400000, 0x000000008b400000, 0x000000008b500000|  0%| F|  |TAMS 0x000000008b400000, 0x000000008b400000| Untracked 
| 117|0x000000008b500000, 0x000000008b500000, 0x000000008b600000|  0%| F|  |TAMS 0x000000008b500000, 0x000000008b500000| Untracked 
| 118|0x000000008b600000, 0x000000008b600000, 0x000000008b700000|  0%| F|  |TAMS 0x000000008b600000, 0x000000008b600000| Untracked 
| 119|0x000000008b700000, 0x000000008b7795a8, 0x000000008b800000| 47%| E|  |TAMS 0x000000008b700000, 0x000000008b700000| Complete 
| 120|0x000000008b800000, 0x000000008b900000, 0x000000008b900000|100%| E|CS|TAMS 0x000000008b800000, 0x000000008b800000| Complete 
| 121|0x000000008b900000, 0x000000008ba00000, 0x000000008ba00000|100%| E|CS|TAMS 0x000000008b900000, 0x000000008b900000| Complete 
| 122|0x000000008ba00000, 0x000000008bb00000, 0x000000008bb00000|100%| E|CS|TAMS 0x000000008ba00000, 0x000000008ba00000| Complete 
| 123|0x000000008bb00000, 0x000000008bc00000, 0x000000008bc00000|100%| E|CS|TAMS 0x000000008bb00000, 0x000000008bb00000| Complete 

Card table byte_map: [0x0000017ef1ab0000,0x0000017ef1e90000] _byte_map_base: 0x0000017ef1690000

Marking Bits (Prev, Next): (CMBitMap*) 0x0000017ee9ba4750, (CMBitMap*) 0x0000017ee9ba4790
 Prev Bits: [0x0000017ef2270000, 0x0000017ef4170000)
 Next Bits: [0x0000017ef4170000, 0x0000017ef6070000)

Polling page: 0x0000017ee7d70000

Metaspace:

Usage:
  Non-class:      8.19 MB used.
      Class:      1.14 MB used.
       Both:      9.34 MB used.

Virtual space:
  Non-class space:       16.00 MB reserved,       8.25 MB ( 52%) committed,  2 nodes.
      Class space:        1.00 GB reserved,       1.25 MB ( <1%) committed,  1 nodes.
             Both:        1.02 GB reserved,       9.50 MB ( <1%) committed. 

Chunk freelists:
   Non-Class:  2.11 MB
       Class:  2.78 MB
        Both:  4.89 MB

MaxMetaspaceSize: unlimited
CompressedClassSpaceSize: 1.00 GB
Initial GC threshold: 21.00 MB
Current GC threshold: 21.00 MB
CDS: on
MetaspaceReclaimPolicy: balanced
 - commit_granule_bytes: 65536.
 - commit_granule_words: 8192.
 - virtual_space_node_default_size: 1048576.
 - enlarge_chunks_in_place: 1.
 - new_chunks_are_fully_committed: 0.
 - uncommit_free_chunks: 1.
 - use_allocation_guard: 0.
 - handle_deallocations: 1.


Internal statistics:

num_allocs_failed_limit: 0.
num_arena_births: 62.
num_arena_deaths: 0.
num_vsnodes_births: 3.
num_vsnodes_deaths: 0.
num_space_committed: 152.
num_space_uncommitted: 0.
num_chunks_returned_to_freelist: 0.
num_chunks_taken_from_freelist: 387.
num_chunk_merges: 0.
num_chunk_splits: 260.
num_chunks_enlarged: 212.
num_purges: 0.
num_inconsistent_stats: 0.

CodeHeap 'non-profiled nmethods': size=120000Kb used=812Kb max_used=812Kb free=119187Kb
 bounds [0x0000017e87ad0000, 0x0000017e87d40000, 0x0000017e8f000000]
CodeHeap 'profiled nmethods': size=120000Kb used=3464Kb max_used=3464Kb free=116535Kb
 bounds [0x0000017e805a0000, 0x0000017e80910000, 0x0000017e87ad0000]
CodeHeap 'non-nmethods': size=5760Kb used=1167Kb max_used=1206Kb free=4593Kb
 bounds [0x0000017e80000000, 0x0000017e80270000, 0x0000017e805a0000]
 total_blobs=2172 nmethods=1726 adapters=359
 compilation: enabled
              stopped_count=0, restarted_count=0
 full_count=0

Compilation events (20 events):
Event: 7.623 Thread 0x0000017ef8aa6b60 nmethod 1718 0x0000017e808f9090 code [0x0000017e808f9240, 0x0000017e808f9428]
Event: 7.623 Thread 0x0000017ef8aa6b60 1717       3       java.lang.reflect.Constructor::getAnnotation (6 bytes)
Event: 7.624 Thread 0x0000017ef8aa6b60 nmethod 1717 0x0000017e808f9510 code [0x0000017e808f9720, 0x0000017e808f9e28]
Event: 7.626 Thread 0x0000017ef8aa6b60 1719       3       com.google.common.cache.LocalCache$Segment::getEntry (73 bytes)
Event: 7.627 Thread 0x0000017ef8aa6b60 nmethod 1719 0x0000017e808fa090 code [0x0000017e808fa360, 0x0000017e808fb4e8]
Event: 7.627 Thread 0x0000017ef8aa6b60 1720       3       com.google.common.cache.LocalCache$Segment::getFirst (21 bytes)
Event: 7.629 Thread 0x0000017ef8aa6b60 nmethod 1720 0x0000017e808fbb10 code [0x0000017e808fbda0, 0x0000017e808fcbe8]
Event: 7.629 Thread 0x0000017ef8aa6b60 1721       3       org.eclipse.sisu.inject.TypeArguments::isConcrete (23 bytes)
Event: 7.629 Thread 0x0000017ef8aa6b60 nmethod 1721 0x0000017e808fd090 code [0x0000017e808fd240, 0x0000017e808fd4e8]
Event: 7.629 Thread 0x0000017ef8aa6b60 1722       3       java.util.HashSet::contains (9 bytes)
Event: 7.629 Thread 0x0000017ef8aa6b60 nmethod 1722 0x0000017e808fd610 code [0x0000017e808fd7c0, 0x0000017e808fd988]
Event: 7.634 Thread 0x0000017ef8aa6b60 1723       3       com.google.common.cache.LocalCache$Segment::getLiveValue (61 bytes)
Event: 7.636 Thread 0x0000017ef8aa6b60 nmethod 1723 0x0000017e808fda90 code [0x0000017e808fdea0, 0x0000017e808fffb8]
Event: 7.636 Thread 0x0000017ef8aa6b60 1724       3       com.google.common.cache.LocalCache::isExpired (57 bytes)
Event: 7.637 Thread 0x0000017ef8aa6b60 nmethod 1724 0x0000017e80900a10 code [0x0000017e80900c20, 0x0000017e809013a8]
Event: 7.637 Thread 0x0000017ef8aa6b60 1725       3       com.google.common.cache.LocalCache$Segment::recordRead (29 bytes)
Event: 7.637 Thread 0x0000017ef8aa6b60 nmethod 1725 0x0000017e80901690 code [0x0000017e80901880, 0x0000017e80901d58]
Event: 7.637 Thread 0x0000017ef8aa6b60 1726       3       com.google.common.cache.CacheBuilder$1::recordHits (1 bytes)
Event: 7.637 Thread 0x0000017ef8aa6b60 nmethod 1726 0x0000017e80901f90 code [0x0000017e80902120, 0x0000017e80902238]
Event: 7.637 Thread 0x0000017ef8aa6b60 1727       3       com.google.common.cache.LocalCache$Segment::scheduleRefresh (66 bytes)

GC Heap History (8 events):
Event: 4.996 GC heap before
{Heap before GC invocations=0 (full 0):
 garbage-first heap   total 126976K, used 22528K [0x0000000084000000, 0x0000000100000000)
  region size 1024K, 23 young (23552K), 0 survivors (0K)
 Metaspace       used 4969K, committed 5184K, reserved 1056768K
  class space    used 591K, committed 704K, reserved 1048576K
}
Event: 6.021 GC heap after
{Heap after GC invocations=1 (full 0):
 garbage-first heap   total 126976K, used 3492K [0x0000000084000000, 0x0000000100000000)
  region size 1024K, 3 young (3072K), 3 survivors (3072K)
 Metaspace       used 4969K, committed 5184K, reserved 1056768K
  class space    used 591K, committed 704K, reserved 1048576K
}
Event: 6.249 GC heap before
{Heap before GC invocations=1 (full 0):
 garbage-first heap   total 126976K, used 12708K [0x0000000084000000, 0x0000000100000000)
  region size 1024K, 13 young (13312K), 3 survivors (3072K)
 Metaspace       used 5599K, committed 5760K, reserved 1056768K
  class space    used 687K, committed 768K, reserved 1048576K
}
Event: 6.254 GC heap after
{Heap after GC invocations=2 (full 0):
 garbage-first heap   total 126976K, used 4163K [0x0000000084000000, 0x0000000100000000)
  region size 1024K, 1 young (1024K), 1 survivors (1024K)
 Metaspace       used 5599K, committed 5760K, reserved 1056768K
  class space    used 687K, committed 768K, reserved 1048576K
}
Event: 6.675 GC heap before
{Heap before GC invocations=2 (full 0):
 garbage-first heap   total 126976K, used 16451K [0x0000000084000000, 0x0000000100000000)
  region size 1024K, 13 young (13312K), 1 survivors (1024K)
 Metaspace       used 6683K, committed 6848K, reserved 1056768K
  class space    used 808K, committed 896K, reserved 1048576K
}
Event: 6.677 GC heap after
{Heap after GC invocations=3 (full 0):
 garbage-first heap   total 126976K, used 4144K [0x0000000084000000, 0x0000000100000000)
  region size 1024K, 1 young (1024K), 1 survivors (1024K)
 Metaspace       used 6683K, committed 6848K, reserved 1056768K
  class space    used 808K, committed 896K, reserved 1048576K
}
Event: 7.364 GC heap before
{Heap before GC invocations=3 (full 0):
 garbage-first heap   total 126976K, used 25648K [0x0000000084000000, 0x0000000100000000)
  region size 1024K, 22 young (22528K), 1 survivors (1024K)
 Metaspace       used 8909K, committed 9152K, reserved 1064960K
  class space    used 1089K, committed 1216K, reserved 1048576K
}
Event: 7.368 GC heap after
{Heap after GC invocations=4 (full 0):
 garbage-first heap   total 126976K, used 4981K [0x0000000084000000, 0x0000000100000000)
  region size 1024K, 2 young (2048K), 2 survivors (2048K)
 Metaspace       used 8909K, committed 9152K, reserved 1064960K
  class space    used 1089K, committed 1216K, reserved 1048576K
}

Deoptimization events (20 events):
Event: 6.629 Thread 0x0000017ee9b65f00 Uncommon trap: trap_request=0xffffff45 fr.pc=0x0000017e87b6cec0 relative=0x00000000000006a0
Event: 6.629 Thread 0x0000017ee9b65f00 Uncommon trap: reason=unstable_if action=reinterpret pc=0x0000017e87b6cec0 method=java.lang.String.<init>([CIILjava/lang/Void;)V @ 5 c2
Event: 6.629 Thread 0x0000017ee9b65f00 DEOPT PACKING pc=0x0000017e87b6cec0 sp=0x00000068270fdc30
Event: 6.630 Thread 0x0000017ee9b65f00 DEOPT UNPACKING pc=0x0000017e80055c23 sp=0x00000068270fdad0 mode 2
Event: 6.694 Thread 0x0000017ee9b65f00 DEOPT PACKING pc=0x0000017e807c2c34 sp=0x00000068270fde20
Event: 6.694 Thread 0x0000017ee9b65f00 DEOPT UNPACKING pc=0x0000017e80056763 sp=0x00000068270fd290 mode 0
Event: 6.702 Thread 0x0000017ee9b65f00 DEOPT PACKING pc=0x0000017e807c2c34 sp=0x00000068270fde20
Event: 6.702 Thread 0x0000017ee9b65f00 DEOPT UNPACKING pc=0x0000017e80056763 sp=0x00000068270fd290 mode 0
Event: 6.957 Thread 0x0000017ee9b65f00 Uncommon trap: trap_request=0xffffffc6 fr.pc=0x0000017e87b68f88 relative=0x0000000000000428
Event: 6.957 Thread 0x0000017ee9b65f00 Uncommon trap: reason=bimorphic_or_optimized_type_check action=maybe_recompile pc=0x0000017e87b68f88 method=java.util.HashMap.getNode(Ljava/lang/Object;)Ljava/util/HashMap$Node; @ 63 c2
Event: 6.957 Thread 0x0000017ee9b65f00 DEOPT PACKING pc=0x0000017e87b68f88 sp=0x00000068270fe130
Event: 6.957 Thread 0x0000017ee9b65f00 DEOPT UNPACKING pc=0x0000017e80055c23 sp=0x00000068270fe0a8 mode 2
Event: 7.626 Thread 0x0000017ee9b65f00 Uncommon trap: trap_request=0xffffffc6 fr.pc=0x0000017e87b68f88 relative=0x0000000000000428
Event: 7.626 Thread 0x0000017ee9b65f00 Uncommon trap: reason=bimorphic_or_optimized_type_check action=maybe_recompile pc=0x0000017e87b68f88 method=java.util.HashMap.getNode(Ljava/lang/Object;)Ljava/util/HashMap$Node; @ 63 c2
Event: 7.626 Thread 0x0000017ee9b65f00 DEOPT PACKING pc=0x0000017e87b68f88 sp=0x00000068270fe310
Event: 7.626 Thread 0x0000017ee9b65f00 DEOPT UNPACKING pc=0x0000017e80055c23 sp=0x00000068270fe288 mode 2
Event: 7.637 Thread 0x0000017ee9b65f00 Uncommon trap: trap_request=0xffffffc6 fr.pc=0x0000017e87b68f88 relative=0x0000000000000428
Event: 7.637 Thread 0x0000017ee9b65f00 Uncommon trap: reason=bimorphic_or_optimized_type_check action=maybe_recompile pc=0x0000017e87b68f88 method=java.util.HashMap.getNode(Ljava/lang/Object;)Ljava/util/HashMap$Node; @ 63 c2
Event: 7.637 Thread 0x0000017ee9b65f00 DEOPT PACKING pc=0x0000017e87b68f88 sp=0x00000068270fe080
Event: 7.637 Thread 0x0000017ee9b65f00 DEOPT UNPACKING pc=0x0000017e80055c23 sp=0x00000068270fdff8 mode 2

Classes unloaded (0 events):
No events

Classes redefined (0 events):
No events

Internal exceptions (20 events):
Event: 0.248 Thread 0x0000017ee9b65f00 Exception <a 'java/lang/NullPointerException'{0x000000008b65cd30}> (0x000000008b65cd30) 
thrown [t:\workspace\open\src\hotspot\share\interpreter\linkResolver.cpp, line 1357]
Event: 0.248 Thread 0x0000017ee9b65f00 Exception <a 'java/lang/NullPointerException'{0x000000008b65d008}> (0x000000008b65d008) 
thrown [t:\workspace\open\src\hotspot\share\interpreter\linkResolver.cpp, line 1357]
Event: 0.248 Thread 0x0000017ee9b65f00 Exception <a 'java/lang/NullPointerException'{0x000000008b65d2e0}> (0x000000008b65d2e0) 
thrown [t:\workspace\open\src\hotspot\share\interpreter\linkResolver.cpp, line 1357]
Event: 0.250 Thread 0x0000017ee9b65f00 Exception <a 'java/lang/NullPointerException'{0x000000008b668728}> (0x000000008b668728) 
thrown [t:\workspace\open\src\hotspot\share\interpreter\linkResolver.cpp, line 1357]
Event: 0.253 Thread 0x0000017ee9b65f00 Exception <a 'java/lang/NullPointerException'{0x000000008b6f9098}> (0x000000008b6f9098) 
thrown [t:\workspace\open\src\hotspot\share\interpreter\linkResolver.cpp, line 1357]
Event: 0.253 Thread 0x0000017ee9b65f00 Exception <a 'java/lang/NullPointerException'{0x000000008b6f9370}> (0x000000008b6f9370) 
thrown [t:\workspace\open\src\hotspot\share\interpreter\linkResolver.cpp, line 1357]
Event: 0.253 Thread 0x0000017ee9b65f00 Exception <a 'java/lang/NullPointerException'{0x000000008b6f9648}> (0x000000008b6f9648) 
thrown [t:\workspace\open\src\hotspot\share\interpreter\linkResolver.cpp, line 1357]
Event: 0.253 Thread 0x0000017ee9b65f00 Exception <a 'java/lang/NullPointerException'{0x000000008b6f9920}> (0x000000008b6f9920) 
thrown [t:\workspace\open\src\hotspot\share\interpreter\linkResolver.cpp, line 1357]
Event: 0.275 Thread 0x0000017ee9b65f00 Exception <a 'java/lang/NoSuchMethodError'{0x000000008b58fbc0}: 'void java.lang.invoke.DirectMethodHandle$Holder.invokeVirtual(java.lang.Object, java.lang.Object)'> (0x000000008b58fbc0) 
thrown [t:\workspace\open\src\hotspot\share\interpreter\linkResolver.cpp, line 766]
Event: 0.278 Thread 0x0000017ee9b65f00 Exception <a 'java/lang/NoSuchMethodError'{0x000000008b5b0008}: 'void java.lang.invoke.DirectMethodHandle$Holder.invokeStatic(java.lang.Object, java.lang.Object)'> (0x000000008b5b0008) 
thrown [t:\workspace\open\src\hotspot\share\interpreter\linkResolver.cpp, line 766]
Event: 0.278 Thread 0x0000017ee9b65f00 Exception <a 'java/lang/NoSuchMethodError'{0x000000008b5b3608}: 'void java.lang.invoke.DirectMethodHandle$Holder.invokeStaticInit(java.lang.Object, java.lang.Object)'> (0x000000008b5b3608) 
thrown [t:\workspace\open\src\hotspot\share\interpreter\linkResolver.cpp, line 766]
Event: 0.290 Thread 0x0000017ee9b65f00 Exception <a 'java/lang/NoSuchMethodError'{0x000000008b41ea38}: 'void java.lang.invoke.DirectMethodHandle$Holder.invokeStatic(java.lang.Object, java.lang.Object, java.lang.Object)'> (0x000000008b41ea38) 
thrown [t:\workspace\open\src\hotspot\share\interpreter\linkResolver.cpp, line 766]
Event: 1.400 Thread 0x0000017ee9b65f00 Exception <a 'java/lang/NoSuchMethodError'{0x000000008b262ea0}: 'java.lang.Object java.lang.invoke.DirectMethodHandle$Holder.invokeSpecialIFC(java.lang.Object, java.lang.Object, java.lang.Object, java.lang.Object)'> (0x000000008b262ea0) 
thrown [t:\workspace\open\src\hotspot\share\interpreter\linkResolver.cpp, line 766]
Event: 4.749 Thread 0x0000017ee9b65f00 Exception <a 'java/lang/NoSuchMethodError'{0x000000008aacb9b0}: 'void java.lang.invoke.DirectMethodHandle$Holder.invokeSpecial(java.lang.Object, java.lang.Object, java.lang.Object)'> (0x000000008aacb9b0) 
thrown [t:\workspace\open\src\hotspot\share\interpreter\linkResolver.cpp, line 766]
Event: 4.829 Thread 0x0000017ee9b65f00 Exception <a 'java/lang/NoSuchMethodError'{0x000000008a8adbc8}: 'java.lang.Object java.lang.invoke.DirectMethodHandle$Holder.invokeInterface(java.lang.Object, java.lang.Object)'> (0x000000008a8adbc8) 
thrown [t:\workspace\open\src\hotspot\share\interpreter\linkResolver.cpp, line 766]
Event: 4.867 Thread 0x0000017ee9b65f00 Exception <a 'java/lang/NoSuchMethodError'{0x000000008a7a0668}: 'java.lang.Object java.lang.invoke.Invokers$Holder.invokeExact_MT(java.lang.Object, java.lang.Object, java.lang.Object, java.lang.Object, java.lang.Object, java.lang.Object)'> (0x000000008a7a0668) 
thrown [t:\workspace\open\src\hotspot\share\interpreter\linkResolver.cpp, line 766]
Event: 4.870 Thread 0x0000017ee9b65f00 Exception <a 'java/lang/NoSuchMethodError'{0x000000008a7b1ae8}: 'int java.lang.invoke.DirectMethodHandle$Holder.invokeSpecialIFC(java.lang.Object, java.lang.Object, java.lang.Object, java.lang.Object, java.lang.Object)'> (0x000000008a7b1ae8) 
thrown [t:\workspace\open\src\hotspot\share\interpreter\linkResolver.cpp, line 766]
Event: 6.028 Thread 0x0000017ee9b65f00 Exception <a 'java/lang/NoSuchMethodError'{0x000000008bb1bea8}: 'java.lang.Object java.lang.invoke.DirectMethodHandle$Holder.newInvokeSpecial(java.lang.Object, java.lang.Object, java.lang.Object, java.lang.Object, java.lang.Object)'> (0x000000008bb1bea8) 
thrown [t:\workspace\open\src\hotspot\share\interpreter\linkResolver.cpp, line 766]
Event: 6.103 Thread 0x0000017ee9b65f00 Exception <a 'java/lang/NoSuchMethodError'{0x000000008ba9a798}: 'int java.lang.invoke.DirectMethodHandle$Holder.invokeStaticInit(java.lang.Object, java.lang.Object)'> (0x000000008ba9a798) 
thrown [t:\workspace\open\src\hotspot\share\interpreter\linkResolver.cpp, line 766]
Event: 6.117 Thread 0x0000017ee9b65f00 Exception <a 'java/lang/NoClassDefFoundError'{0x000000008bae50b0}: javax/enterprise/inject/Typed> (0x000000008bae50b0) 
thrown [t:\workspace\open\src\hotspot\share\classfile\systemDictionary.cpp, line 245]

VM Operations (20 events):
Event: 6.933 Executing VM operation: ICBufferFull done
Event: 6.938 Executing VM operation: ICBufferFull
Event: 6.938 Executing VM operation: ICBufferFull done
Event: 6.940 Executing VM operation: ICBufferFull
Event: 6.940 Executing VM operation: ICBufferFull done
Event: 6.945 Executing VM operation: ICBufferFull
Event: 6.945 Executing VM operation: ICBufferFull done
Event: 6.954 Executing VM operation: ICBufferFull
Event: 6.954 Executing VM operation: ICBufferFull done
Event: 6.955 Executing VM operation: ICBufferFull
Event: 6.955 Executing VM operation: ICBufferFull done
Event: 6.958 Executing VM operation: ICBufferFull
Event: 6.958 Executing VM operation: ICBufferFull done
Event: 7.132 Executing VM operation: HandshakeAllThreads
Event: 7.132 Executing VM operation: HandshakeAllThreads done
Event: 7.213 Executing VM operation: HandshakeAllThreads
Event: 7.213 Executing VM operation: HandshakeAllThreads done
Event: 7.364 Executing VM operation: G1CollectForAllocation
Event: 7.368 Executing VM operation: G1CollectForAllocation done
Event: 8.378 Executing VM operation: Cleanup

Events (20 events):
Event: 6.923 loading class sun/reflect/annotation/AnnotatedTypeFactory$AnnotatedParameterizedTypeImpl
Event: 6.923 loading class java/lang/reflect/AnnotatedParameterizedType
Event: 6.923 loading class java/lang/reflect/AnnotatedParameterizedType done
Event: 6.923 loading class sun/reflect/annotation/AnnotatedTypeFactory$AnnotatedParameterizedTypeImpl done
Event: 7.051 loading class java/util/EventObject
Event: 7.052 loading class java/util/EventObject done
Event: 7.280 loading class java/security/NoSuchAlgorithmException
Event: 7.281 loading class java/security/GeneralSecurityException
Event: 7.281 loading class java/security/GeneralSecurityException done
Event: 7.281 loading class java/security/NoSuchAlgorithmException done
Event: 7.580 loading class java/util/concurrent/CompletionService
Event: 7.584 loading class java/util/concurrent/CompletionService done
Event: 7.627 loading class sun/reflect/generics/scope/ConstructorScope
Event: 7.627 loading class sun/reflect/generics/scope/ConstructorScope done
Event: 7.627 loading class sun/reflect/generics/repository/ConstructorRepository
Event: 7.627 loading class sun/reflect/generics/repository/ConstructorRepository done
Event: 7.627 loading class sun/reflect/generics/tree/VoidDescriptor
Event: 7.627 loading class sun/reflect/generics/tree/VoidDescriptor done
Event: 7.627 loading class sun/reflect/generics/tree/MethodTypeSignature
Event: 7.627 loading class sun/reflect/generics/tree/MethodTypeSignature done


Dynamic libraries:
0x00007ff600fd0000 - 0x00007ff600fde000 	C:\Program Files\Java\openjdk-17.0.2\bin\java.exe
0x00007ff930660000 - 0x00007ff9308c7000 	C:\WINDOWS\SYSTEM32\ntdll.dll
0x00007ff92e960000 - 0x00007ff92ea29000 	C:\WINDOWS\System32\KERNEL32.DLL
0x00007ff92dbb0000 - 0x00007ff92dfa4000 	C:\WINDOWS\System32\KERNELBASE.dll
0x00007ff92cfe0000 - 0x00007ff92d12b000 	C:\WINDOWS\System32\ucrtbase.dll
0x00007ff918360000 - 0x00007ff918378000 	C:\Program Files\Java\openjdk-17.0.2\bin\jli.dll
0x00007ff917620000 - 0x00007ff91763a000 	C:\Program Files\Java\openjdk-17.0.2\bin\VCRUNTIME140.dll
0x00007ff9303c0000 - 0x00007ff930585000 	C:\WINDOWS\System32\USER32.dll
0x00007ff92e120000 - 0x00007ff92e147000 	C:\WINDOWS\System32\win32u.dll
0x00007ff9160a0000 - 0x00007ff916333000 	C:\WINDOWS\WinSxS\amd64_microsoft.windows.common-controls_6595b64144ccf1df_6.0.26100.8115_none_3e075c82e3354f9c\COMCTL32.dll
0x00007ff92e4a0000 - 0x00007ff92e4cb000 	C:\WINDOWS\System32\GDI32.dll
0x00007ff92e3f0000 - 0x00007ff92e499000 	C:\WINDOWS\System32\msvcrt.dll
0x00007ff92e150000 - 0x00007ff92e27b000 	C:\WINDOWS\System32\gdi32full.dll
0x00007ff92cf30000 - 0x00007ff92cfd3000 	C:\WINDOWS\System32\msvcp_win.dll
0x00007ff92f440000 - 0x00007ff92f472000 	C:\WINDOWS\System32\IMM32.DLL
0x00007ff920480000 - 0x00007ff92048c000 	C:\Program Files\Java\openjdk-17.0.2\bin\vcruntime140_1.dll
0x00007ff9007d0000 - 0x00007ff90085d000 	C:\Program Files\Java\openjdk-17.0.2\bin\msvcp140.dll
0x00007ff8a2450000 - 0x00007ff8a3011000 	C:\Program Files\Java\openjdk-17.0.2\bin\server\jvm.dll
0x00007ff930280000 - 0x00007ff930336000 	C:\WINDOWS\System32\ADVAPI32.dll
0x00007ff9300d0000 - 0x00007ff930177000 	C:\WINDOWS\System32\sechost.dll
0x00007ff92f480000 - 0x00007ff92f598000 	C:\WINDOWS\System32\RPCRT4.dll
0x00007ff92fb30000 - 0x00007ff92fb38000 	C:\WINDOWS\System32\PSAPI.DLL
0x00007ff92a200000 - 0x00007ff92a236000 	C:\WINDOWS\SYSTEM32\WINMM.dll
0x00007ff918a30000 - 0x00007ff918a3a000 	C:\WINDOWS\SYSTEM32\WSOCK32.dll
0x00007ff91f670000 - 0x00007ff91f67b000 	C:\WINDOWS\SYSTEM32\VERSION.dll
0x00007ff92fbc0000 - 0x00007ff92fc40000 	C:\WINDOWS\System32\WS2_32.dll
0x00007ff92bcc0000 - 0x00007ff92bcdb000 	C:\WINDOWS\SYSTEM32\kernel.appcore.dll
0x00007ff9174f0000 - 0x00007ff9174fa000 	C:\Program Files\Java\openjdk-17.0.2\bin\jimage.dll
0x00007ff92add0000 - 0x00007ff92b012000 	C:\WINDOWS\SYSTEM32\DBGHELP.DLL
0x00007ff92f5a0000 - 0x00007ff92f922000 	C:\WINDOWS\System32\combase.dll
0x00007ff92fce0000 - 0x00007ff92fdb8000 	C:\WINDOWS\System32\OLEAUT32.dll
0x00007ff92a170000 - 0x00007ff92a1ab000 	C:\WINDOWS\SYSTEM32\dbgcore.DLL
0x00007ff92dfb0000 - 0x00007ff92e055000 	C:\WINDOWS\System32\bcryptPrimitives.dll
0x00007ff917400000 - 0x00007ff917425000 	C:\Program Files\Java\openjdk-17.0.2\bin\java.dll
0x00007ff8cd9f0000 - 0x00007ff8cdac6000 	C:\Program Files\Java\openjdk-17.0.2\bin\jsvml.dll
0x00007ff92ea40000 - 0x00007ff92f1a7000 	C:\WINDOWS\System32\SHELL32.dll
0x00007ff92e280000 - 0x00007ff92e3ea000 	C:\WINDOWS\System32\wintypes.dll
0x00007ff92d130000 - 0x00007ff92d998000 	C:\WINDOWS\System32\windows.storage.dll
0x00007ff930180000 - 0x00007ff930278000 	C:\WINDOWS\System32\SHCORE.dll
0x00007ff930060000 - 0x00007ff9300c6000 	C:\WINDOWS\System32\shlwapi.dll
0x00007ff92ce50000 - 0x00007ff92ce79000 	C:\WINDOWS\SYSTEM32\profapi.dll
0x00007ff9174d0000 - 0x00007ff9174e9000 	C:\Program Files\Java\openjdk-17.0.2\bin\net.dll
0x00007ff91f920000 - 0x00007ff91fa4d000 	C:\WINDOWS\SYSTEM32\WINHTTP.dll
0x00007ff92c230000 - 0x00007ff92c29c000 	C:\WINDOWS\system32\mswsock.dll
0x00007ff9120a0000 - 0x00007ff9120b6000 	C:\Program Files\Java\openjdk-17.0.2\bin\nio.dll
0x00007ff90ff20000 - 0x00007ff90ff38000 	C:\Program Files\Java\openjdk-17.0.2\bin\zip.dll
0x00007ff9182a0000 - 0x00007ff9182c4000 	C:\Users\Akshay\.m2\wrapper\dists\apache-maven-3.9.16\0daed3be3ebd1c706f0e69e8b07c6b73f5cc4ea3dfce72a8d0ec2e849ca2ddb0\lib\jansi-native\Windows\x86_64\jansi.dll
0x00007ff918220000 - 0x00007ff918230000 	C:\Program Files\Java\openjdk-17.0.2\bin\verify.dll

dbghelp: loaded successfully - version: 4.0.5 - missing functions: none
symbol engine: initialized successfully - sym options: 0x614 - pdb path: .;C:\Program Files\Java\openjdk-17.0.2\bin;C:\WINDOWS\SYSTEM32;C:\WINDOWS\WinSxS\amd64_microsoft.windows.common-controls_6595b64144ccf1df_6.0.26100.8115_none_3e075c82e3354f9c;C:\Program Files\Java\openjdk-17.0.2\bin\server;C:\Users\Akshay\.m2\wrapper\dists\apache-maven-3.9.16\0daed3be3ebd1c706f0e69e8b07c6b73f5cc4ea3dfce72a8d0ec2e849ca2ddb0\lib\jansi-native\Windows\x86_64

VM Arguments:
jvm_args: --enable-native-access=ALL-UNNAMED -Dclassworlds.conf=C:\Users\Akshay\.m2\wrapper\dists\apache-maven-3.9.16\0daed3be3ebd1c706f0e69e8b07c6b73f5cc4ea3dfce72a8d0ec2e849ca2ddb0\bin\m2.conf -Dmaven.home=C:\Users\Akshay\.m2\wrapper\dists\apache-maven-3.9.16\0daed3be3ebd1c706f0e69e8b07c6b73f5cc4ea3dfce72a8d0ec2e849ca2ddb0 -Dlibrary.jansi.path=C:\Users\Akshay\.m2\wrapper\dists\apache-maven-3.9.16\0daed3be3ebd1c706f0e69e8b07c6b73f5cc4ea3dfce72a8d0ec2e849ca2ddb0\lib\jansi-native -Dmaven.multiModuleProjectDirectory=D:\akshays-workspace\Spring\contract-first-rest-api\contract-first-rest-api 
java_command: org.codehaus.plexus.classworlds.launcher.Launcher clean generate-sources
java_class_path (initial): C:\Users\Akshay\.m2\wrapper\dists\apache-maven-3.9.16\0daed3be3ebd1c706f0e69e8b07c6b73f5cc4ea3dfce72a8d0ec2e849ca2ddb0\boot\plexus-classworlds-2.11.0.jar
Launcher Type: SUN_STANDARD

[Global flags]
     intx CICompilerCount                          = 4                                         {product} {ergonomic}
     uint ConcGCThreads                            = 2                                         {product} {ergonomic}
     uint G1ConcRefinementThreads                  = 8                                         {product} {ergonomic}
   size_t G1HeapRegionSize                         = 1048576                                   {product} {ergonomic}
    uintx GCDrainStackTargetSize                   = 64                                        {product} {ergonomic}
   size_t InitialHeapSize                          = 130023424                                 {product} {ergonomic}
   size_t MarkStackSize                            = 4194304                                   {product} {ergonomic}
   size_t MaxHeapSize                              = 2080374784                                {product} {ergonomic}
   size_t MaxNewSize                               = 1247805440                                {product} {ergonomic}
   size_t MinHeapDeltaBytes                        = 1048576                                   {product} {ergonomic}
   size_t MinHeapSize                              = 8388608                                   {product} {ergonomic}
    uintx NonNMethodCodeHeapSize                   = 5839372                                {pd product} {ergonomic}
    uintx NonProfiledCodeHeapSize                  = 122909434                              {pd product} {ergonomic}
    uintx ProfiledCodeHeapSize                     = 122909434                              {pd product} {ergonomic}
    uintx ReservedCodeCacheSize                    = 251658240                              {pd product} {ergonomic}
     bool SegmentedCodeCache                       = true                                      {product} {ergonomic}
   size_t SoftMaxHeapSize                          = 2080374784                             {manageable} {ergonomic}
     bool UseCompressedClassPointers               = true                           {product lp64_product} {ergonomic}
     bool UseCompressedOops                        = true                           {product lp64_product} {ergonomic}
     bool UseG1GC                                  = true                                      {product} {ergonomic}
     bool UseLargePagesIndividualAllocation        = false                                  {pd product} {ergonomic}

Logging:
Log output configuration:
 #0: stdout all=warning uptime,level,tags
 #1: stderr all=off uptime,level,tags

Environment Variables:
JAVA_HOME=C:\Program Files\Java\openjdk-17.0.2
PATH=C:\Program Files (x86)\Common Files\Oracle\Java\java8path;C:\Program Files (x86)\Common Files\Oracle\Java\javapath;C:\WINDOWS\system32;C:\WINDOWS;C:\WINDOWS\System32\Wbem;C:\WINDOWS\System32\WindowsPowerShell\v1.0\;C:\WINDOWS\System32\OpenSSH\;%JAVA_HOME%\bin;C:\Program Files\dotnet\;C:\Program Files\Docker\Docker\resources\bin;C:\Program Files\TortoiseGit\bin;C:\Program Files\nodejs\;C:\Program Files\Git\cmd;C:\Users\Akshay\AppData\Local\Microsoft\WindowsApps;;C:\Users\Akshay\AppData\Local\Programs\Microsoft VS Code\bin;C:\Users\Akshay\AppData\Roaming\npm
USERNAME=Akshay
OS=Windows_NT
PROCESSOR_IDENTIFIER=Intel64 Family 6 Model 140 Stepping 2, GenuineIntel



---------------  S Y S T E M  ---------------

OS:
 Windows 11 , 64 bit Build 26100 (10.0.26100.8246)
OS uptime: 21 days 16:18 hours
Hyper-V role detected

CPU: total 8 (initial active 8) (4 cores per cpu, 2 threads per core) family 6 model 140 stepping 2 microcode 0x3c, cx8, cmov, fxsr, ht, mmx, 3dnowpref, sse, sse2, sse3, ssse3, sse4.1, sse4.2, popcnt, lzcnt, tsc, tscinvbit, avx, avx2, aes, erms, clmul, bmi1, bmi2, adx, avx512f, avx512dq, avx512cd, avx512bw, avx512vl, sha, fma, vzeroupper, avx512_vpopcntdq, avx512_vpclmulqdq, avx512_vaes, avx512_vnni, clflush, clflushopt, clwb, avx512_vbmi2, avx512_vbmi, hv

Memory: 4k page, system-wide physical 7934M (565M free)
TotalPageFile size 32510M (AvailPageFile size 0M)
current process WorkingSet (physical memory assigned to process): 94M, peak: 94M
current process commit charge ("private bytes"): 231M, peak: 231M

vm_info: OpenJDK 64-Bit Server VM (17.0.2+8-86) for windows-amd64 JRE (17.0.2+8-86), built on Dec  7 2021 21:49:10 by "mach5one" with MS VC++ 16.8 / 16.9 (VS2019)

END.
