#
# There is insufficient memory for the Java Runtime Environment to continue.
# Native memory allocation (mmap) failed to map 67108864 bytes for G1 virtual space
# Possible reasons:
#   The system is out of physical RAM or swap space
#   The process is running with CompressedOops enabled, and the Java Heap may be blocking the growth of the native heap
# Possible solutions:
#   Reduce memory load on the system
#   Increase physical memory or swap space
#   Check if swap backing store is full
#   Decrease Java heap size (-Xmx/-Xms)
#   Decrease number of Java threads
#   Decrease Java thread stack sizes (-Xss)
#   Set larger code cache with -XX:ReservedCodeCacheSize=
#   JVM is running with Unscaled Compressed Oops mode in which the Java heap is
#     placed in the first 4GB address space. The Java Heap base address is the
#     maximum limit for the native heap growth. Please use -XX:HeapBaseMinAddress
#     to set the Java Heap base and to place the Java Heap above 4GB virtual address.
# This output file may be truncated or incomplete.
#
#  Out of Memory Error (os_windows.cpp:3532), pid=50708, tid=61468
#
# JRE version: OpenJDK Runtime Environment (17.0.2+8) (build 17.0.2+8-86)
# Java VM: OpenJDK 64-Bit Server VM (17.0.2+8-86, mixed mode, sharing, tiered, compressed oops, compressed class ptrs, g1 gc, windows-amd64)
# No core dump will be written. Minidumps are not enabled by default on client versions of Windows
#

---------------  S U M M A R Y ------------

Command Line: --enable-native-access=ALL-UNNAMED -Dclassworlds.conf=C:\Users\Akshay\.m2\wrapper\dists\apache-maven-3.9.16\0daed3be3ebd1c706f0e69e8b07c6b73f5cc4ea3dfce72a8d0ec2e849ca2ddb0\bin\m2.conf -Dmaven.home=C:\Users\Akshay\.m2\wrapper\dists\apache-maven-3.9.16\0daed3be3ebd1c706f0e69e8b07c6b73f5cc4ea3dfce72a8d0ec2e849ca2ddb0 -Dlibrary.jansi.path=C:\Users\Akshay\.m2\wrapper\dists\apache-maven-3.9.16\0daed3be3ebd1c706f0e69e8b07c6b73f5cc4ea3dfce72a8d0ec2e849ca2ddb0\lib\jansi-native -Dmaven.multiModuleProjectDirectory=D:\akshays-workspace\Spring\contract-first-rest-api\contract-first-rest-api org.codehaus.plexus.classworlds.launcher.Launcher spring-boot:run

Host: 11th Gen Intel(R) Core(TM) i5-1155G7 @ 2.50GHz, 8 cores, 7G,  Windows 11 , 64 bit Build 26100 (10.0.26100.8246)
Time: Sat May 30 08:18:47 2026 India Standard Time elapsed time: 16.363218 seconds (0d 0h 0m 16s)

---------------  T H R E A D  ---------------

Current thread (0x0000015ce434ba00):  VMThread "VM Thread" [stack: 0x0000003ff3400000,0x0000003ff3500000] [id=61468]

Stack: [0x0000003ff3400000,0x0000003ff3500000]
Native frames: (J=compiled Java code, j=interpreted, Vv=VM code, C=native code)
V  [jvm.dll+0x670baa]
V  [jvm.dll+0x7cfcb4]
V  [jvm.dll+0x7d145e]
V  [jvm.dll+0x7d1ac3]
V  [jvm.dll+0x242bc5]
V  [jvm.dll+0x66dac9]
V  [jvm.dll+0x662412]
V  [jvm.dll+0x300c0b]
V  [jvm.dll+0x3081a6]
V  [jvm.dll+0x357d0e]
V  [jvm.dll+0x357f3f]
V  [jvm.dll+0x2d7ec8]
V  [jvm.dll+0x2d6194]
V  [jvm.dll+0x2d579c]
V  [jvm.dll+0x3190eb]
V  [jvm.dll+0x7d5f9b]
V  [jvm.dll+0x7d6cd4]
V  [jvm.dll+0x7d71ec]
V  [jvm.dll+0x7d75c4]
V  [jvm.dll+0x7d7690]
V  [jvm.dll+0x77ff7a]
V  [jvm.dll+0x66fa35]
C  [ucrtbase.dll+0x37b0]
C  [KERNEL32.DLL+0x2e8d7]
C  [ntdll.dll+0x8c3fc]

VM_Operation (0x0000003ff2efc4b0): G1CollectForAllocation, mode: safepoint, requested by thread 0x0000015cc645f580


---------------  P R O C E S S  ---------------

Threads class SMR info:
_java_thread_list=0x0000015ce5676000, length=17, elements={
0x0000015cc645f580, 0x0000015ce4351f20, 0x0000015ce4353440, 0x0000015ce436ba50,
0x0000015ce436c400, 0x0000015ce436d920, 0x0000015ce436e2d0, 0x0000015ce4372750,
0x0000015ce4373d60, 0x0000015ce4374750, 0x0000015ce4de3260, 0x0000015ce4e0bf80,
0x0000015ce5a78290, 0x0000015ce4e21b20, 0x0000015ce5dce0a0, 0x0000015ce4edfb90,
0x0000015ce7d06e70
}

Java Threads: ( => current thread )
  0x0000015cc645f580 JavaThread "main" [_thread_blocked, id=10724, stack(0x0000003ff2e00000,0x0000003ff2f00000)]
  0x0000015ce4351f20 JavaThread "Reference Handler" daemon [_thread_blocked, id=61332, stack(0x0000003ff3500000,0x0000003ff3600000)]
  0x0000015ce4353440 JavaThread "Finalizer" daemon [_thread_blocked, id=38600, stack(0x0000003ff3600000,0x0000003ff3700000)]
  0x0000015ce436ba50 JavaThread "Signal Dispatcher" daemon [_thread_blocked, id=54552, stack(0x0000003ff3700000,0x0000003ff3800000)]
  0x0000015ce436c400 JavaThread "Attach Listener" daemon [_thread_blocked, id=22112, stack(0x0000003ff3800000,0x0000003ff3900000)]
  0x0000015ce436d920 JavaThread "Service Thread" daemon [_thread_blocked, id=20860, stack(0x0000003ff3900000,0x0000003ff3a00000)]
  0x0000015ce436e2d0 JavaThread "Monitor Deflation Thread" daemon [_thread_blocked, id=53736, stack(0x0000003ff3a00000,0x0000003ff3b00000)]
  0x0000015ce4372750 JavaThread "C2 CompilerThread0" daemon [_thread_blocked, id=1908, stack(0x0000003ff3b00000,0x0000003ff3c00000)]
  0x0000015ce4373d60 JavaThread "C1 CompilerThread0" daemon [_thread_blocked, id=30040, stack(0x0000003ff3c00000,0x0000003ff3d00000)]
  0x0000015ce4374750 JavaThread "Sweeper thread" daemon [_thread_blocked, id=38748, stack(0x0000003ff3d00000,0x0000003ff3e00000)]
  0x0000015ce4de3260 JavaThread "Notification Thread" daemon [_thread_blocked, id=62280, stack(0x0000003ff3e00000,0x0000003ff3f00000)]
  0x0000015ce4e0bf80 JavaThread "Common-Cleaner" daemon [_thread_blocked, id=45196, stack(0x0000003ff4000000,0x0000003ff4100000)]
  0x0000015ce5a78290 JavaThread "Thread-1" daemon [_thread_blocked, id=3260, stack(0x0000003ff4800000,0x0000003ff4900000)]
  0x0000015ce4e21b20 JavaThread "C2 CompilerThread1" daemon [_thread_blocked, id=22704, stack(0x0000003ff4100000,0x0000003ff4200000)]
  0x0000015ce5dce0a0 JavaThread "ForkJoinPool.commonPool-worker-1" daemon [_thread_blocked, id=18508, stack(0x0000003ff4b00000,0x0000003ff4c00000)]
  0x0000015ce4edfb90 JavaThread "ForkJoinPool.commonPool-worker-2" daemon [_thread_blocked, id=49516, stack(0x0000003ff4c00000,0x0000003ff4d00000)]
  0x0000015ce7d06e70 JavaThread "ForkJoinPool.commonPool-worker-3" daemon [_thread_blocked, id=38332, stack(0x0000003ff4d00000,0x0000003ff4e00000)]

Other Threads:
=>0x0000015ce434ba00 VMThread "VM Thread" [stack: 0x0000003ff3400000,0x0000003ff3500000] [id=61468]
  0x0000015cc64bdc30 WatcherThread [stack: 0x0000003ff3f00000,0x0000003ff4000000] [id=13728]
  0x0000015cc64a04c0 GCTaskThread "GC Thread#0" [stack: 0x0000003ff2f00000,0x0000003ff3000000] [id=55292]
  0x0000015ce56df7a0 GCTaskThread "GC Thread#1" [stack: 0x0000003ff4200000,0x0000003ff4300000] [id=59088]
  0x0000015ce597bc50 GCTaskThread "GC Thread#2" [stack: 0x0000003ff4300000,0x0000003ff4400000] [id=52688]
  0x0000015ce56aa660 GCTaskThread "GC Thread#3" [stack: 0x0000003ff4400000,0x0000003ff4500000] [id=61708]
  0x0000015ce56aa910 GCTaskThread "GC Thread#4" [stack: 0x0000003ff4500000,0x0000003ff4600000] [id=55844]
  0x0000015ce595a0e0 GCTaskThread "GC Thread#5" [stack: 0x0000003ff4600000,0x0000003ff4700000] [id=36772]
  0x0000015ce595b660 GCTaskThread "GC Thread#6" [stack: 0x0000003ff4700000,0x0000003ff4800000] [id=7756]
  0x0000015ce595a640 GCTaskThread "GC Thread#7" [stack: 0x0000003ff4900000,0x0000003ff4a00000] [id=16584]
  0x0000015cc64b3c80 ConcurrentGCThread "G1 Main Marker" [stack: 0x0000003ff3000000,0x0000003ff3100000] [id=39576]
  0x0000015cc64b5fb0 ConcurrentGCThread "G1 Conc#0" [stack: 0x0000003ff3100000,0x0000003ff3200000] [id=49124]
  0x0000015ce595b3b0 ConcurrentGCThread "G1 Conc#1" [stack: 0x0000003ff4a00000,0x0000003ff4b00000] [id=41824]
  0x0000015cc6524ff0 ConcurrentGCThread "G1 Refine#0" [stack: 0x0000003ff3200000,0x0000003ff3300000] [id=25544]
  0x0000015ce894df60 ConcurrentGCThread "G1 Refine#1" [stack: 0x0000003ff4e00000,0x0000003ff4f00000] [id=59420]
  0x0000015ce8aa2c90 ConcurrentGCThread "G1 Refine#2" [stack: 0x0000003ff4f00000,0x0000003ff5000000] [id=42148]
  0x0000015cc65257b0 ConcurrentGCThread "G1 Service" [stack: 0x0000003ff3300000,0x0000003ff3400000] [id=10080]

Threads with active compile tasks:
C2 CompilerThread0    16394 8228       4       com.sun.tools.javac.code.Symtab::lookupPackage (259 bytes)
C2 CompilerThread1    16394 8268       4       org.eclipse.sisu.inject.LocatedBeans::iterator (9 bytes)

VM state: at safepoint (normal execution)

VM Mutex/Monitor currently owned by a thread:  ([mutex/lock_event])
[0x0000015cc422d080] Threads_lock - owner thread: 0x0000015ce434ba00
[0x0000015cc645e820] Heap_lock - owner thread: 0x0000015cc645f580

Heap address: 0x0000000084000000, size: 1984 MB, Compressed Oops mode: 32-bit

CDS archive(s) mapped at: [0x0000000800000000-0x0000000800bc0000-0x0000000800bc0000), size 12320768, SharedBaseAddress: 0x0000000800000000, ArchiveRelocationMode: 0.
Compressed class space mapped at: 0x0000000800c00000-0x0000000840c00000, reserved size: 1073741824
Narrow klass base: 0x0000000800000000, Narrow klass shift: 0, Narrow klass range: 0x100000000

GC Precious Log:
 CPUs: 8 total, 8 available
 Memory: 7934M
 Large Page Support: Disabled
 NUMA Support: Disabled
 Compressed Oops: Enabled (32-bit)
 Heap Region Size: 1M
 Heap Min Capacity: 8M
 Heap Initial Capacity: 124M
 Heap Max Capacity: 1984M
 Pre-touch: Disabled
 Parallel Workers: 8
 Concurrent Workers: 2
 Concurrent Refinement Workers: 8
 Periodic GC: Disabled

Heap:
 garbage-first heap   total 155648K, used 48483K [0x0000000084000000, 0x0000000100000000)
  region size 1024K, 1 young (1024K), 1 survivors (1024K)
 Metaspace       used 47081K, committed 47680K, reserved 1097728K
  class space    used 5839K, committed 6144K, reserved 1048576K

Heap Regions: E=young(eden), S=young(survivor), O=old, HS=humongous(starts), HC=humongous(continues), CS=collection set, F=free, OA=open archive, CA=closed archive, TAMS=top-at-mark-start (previous, next)
|   0|0x0000000084000000, 0x0000000084100000, 0x0000000084100000|100%| O|  |TAMS 0x0000000084100000, 0x0000000084000000| Untracked 
|   1|0x0000000084100000, 0x0000000084200000, 0x0000000084200000|100%| O|  |TAMS 0x0000000084200000, 0x0000000084100000| Untracked 
|   2|0x0000000084200000, 0x0000000084300000, 0x0000000084300000|100%| O|  |TAMS 0x0000000084300000, 0x0000000084200000| Untracked 
|   3|0x0000000084300000, 0x0000000084400000, 0x0000000084400000|100%| O|  |TAMS 0x0000000084400000, 0x0000000084300000| Untracked 
|   4|0x0000000084400000, 0x0000000084500000, 0x0000000084500000|100%| O|  |TAMS 0x0000000084500000, 0x0000000084400000| Untracked 
|   5|0x0000000084500000, 0x0000000084600000, 0x0000000084600000|100%| O|  |TAMS 0x0000000084600000, 0x0000000084500000| Untracked 
|   6|0x0000000084600000, 0x0000000084700000, 0x0000000084700000|100%| O|  |TAMS 0x0000000084700000, 0x0000000084600000| Untracked 
|   7|0x0000000084700000, 0x0000000084800000, 0x0000000084800000|100%| O|  |TAMS 0x0000000084800000, 0x0000000084700000| Untracked 
|   8|0x0000000084800000, 0x0000000084900000, 0x0000000084900000|100%| O|  |TAMS 0x0000000084900000, 0x0000000084800000| Untracked 
|   9|0x0000000084900000, 0x0000000084a00000, 0x0000000084a00000|100%| O|  |TAMS 0x0000000084a00000, 0x0000000084900000| Untracked 
|  10|0x0000000084a00000, 0x0000000084b00000, 0x0000000084b00000|100%| O|  |TAMS 0x0000000084b00000, 0x0000000084a00000| Untracked 
|  11|0x0000000084b00000, 0x0000000084c00000, 0x0000000084c00000|100%| O|  |TAMS 0x0000000084c00000, 0x0000000084b00000| Untracked 
|  12|0x0000000084c00000, 0x0000000084d00000, 0x0000000084d00000|100%| O|  |TAMS 0x0000000084d00000, 0x0000000084c00000| Untracked 
|  13|0x0000000084d00000, 0x0000000084e00000, 0x0000000084e00000|100%| O|  |TAMS 0x0000000084e00000, 0x0000000084d00000| Untracked 
|  14|0x0000000084e00000, 0x0000000084f00000, 0x0000000084f00000|100%| O|  |TAMS 0x0000000084f00000, 0x0000000084e00000| Untracked 
|  15|0x0000000084f00000, 0x0000000085000000, 0x0000000085000000|100%| O|  |TAMS 0x0000000085000000, 0x0000000084f00000| Untracked 
|  16|0x0000000085000000, 0x0000000085100000, 0x0000000085100000|100%| O|  |TAMS 0x0000000085100000, 0x0000000085000000| Untracked 
|  17|0x0000000085100000, 0x0000000085200000, 0x0000000085200000|100%| O|  |TAMS 0x0000000085200000, 0x0000000085100000| Untracked 
|  18|0x0000000085200000, 0x0000000085300000, 0x0000000085300000|100%| O|  |TAMS 0x0000000085300000, 0x0000000085200000| Untracked 
|  19|0x0000000085300000, 0x0000000085300000, 0x0000000085400000|  0%| F|  |TAMS 0x0000000085300000, 0x0000000085300000| Untracked 
|  20|0x0000000085400000, 0x0000000085500000, 0x0000000085500000|100%| O|  |TAMS 0x0000000085500000, 0x0000000085400000| Untracked 
|  21|0x0000000085500000, 0x0000000085600000, 0x0000000085600000|100%| O|  |TAMS 0x0000000085600000, 0x0000000085500000| Untracked 
|  22|0x0000000085600000, 0x0000000085700000, 0x0000000085700000|100%| O|  |TAMS 0x0000000085700000, 0x0000000085600000| Untracked 
|  23|0x0000000085700000, 0x0000000085800000, 0x0000000085800000|100%| O|  |TAMS 0x0000000085700000, 0x0000000085700000| Untracked 
|  24|0x0000000085800000, 0x0000000085900000, 0x0000000085900000|100%| O|  |TAMS 0x0000000085800000, 0x0000000085800000| Untracked 
|  25|0x0000000085900000, 0x0000000085a00000, 0x0000000085a00000|100%| O|  |TAMS 0x0000000085900000, 0x0000000085900000| Untracked 
|  26|0x0000000085a00000, 0x0000000085a7da00, 0x0000000085b00000| 49%| O|  |TAMS 0x0000000085a00000, 0x0000000085a00000| Untracked 
|  27|0x0000000085b00000, 0x0000000085b00000, 0x0000000085c00000|  0%| F|  |TAMS 0x0000000085b00000, 0x0000000085b00000| Untracked 
|  28|0x0000000085c00000, 0x0000000085d00000, 0x0000000085d00000|100%| O|  |TAMS 0x0000000085d00000, 0x0000000085c00000| Untracked 
|  29|0x0000000085d00000, 0x0000000085d00000, 0x0000000085e00000|  0%| F|  |TAMS 0x0000000085d00000, 0x0000000085d00000| Untracked 
|  30|0x0000000085e00000, 0x0000000085e00000, 0x0000000085f00000|  0%| F|  |TAMS 0x0000000085e00000, 0x0000000085e00000| Untracked 
|  31|0x0000000085f00000, 0x0000000085f00000, 0x0000000086000000|  0%| F|  |TAMS 0x0000000085f00000, 0x0000000085f00000| Untracked 
|  32|0x0000000086000000, 0x0000000086000000, 0x0000000086100000|  0%| F|  |TAMS 0x0000000086000000, 0x0000000086000000| Untracked 
|  33|0x0000000086100000, 0x0000000086100000, 0x0000000086200000|  0%| F|  |TAMS 0x0000000086100000, 0x0000000086100000| Untracked 
|  34|0x0000000086200000, 0x0000000086200000, 0x0000000086300000|  0%| F|  |TAMS 0x0000000086200000, 0x0000000086200000| Untracked 
|  35|0x0000000086300000, 0x0000000086400000, 0x0000000086400000|100%| O|  |TAMS 0x0000000086400000, 0x0000000086300000| Untracked 
|  36|0x0000000086400000, 0x0000000086500000, 0x0000000086500000|100%|HS|  |TAMS 0x0000000086500000, 0x0000000086400000| Complete 
|  37|0x0000000086500000, 0x0000000086600000, 0x0000000086600000|100%|HC|  |TAMS 0x0000000086600000, 0x0000000086500000| Complete 
|  38|0x0000000086600000, 0x0000000086700000, 0x0000000086700000|100%|HS|  |TAMS 0x0000000086700000, 0x0000000086600000| Complete 
|  39|0x0000000086700000, 0x0000000086700000, 0x0000000086800000|  0%| F|  |TAMS 0x0000000086700000, 0x0000000086700000| Untracked 
|  40|0x0000000086800000, 0x0000000086900000, 0x0000000086900000|100%| O|  |TAMS 0x0000000086900000, 0x0000000086800000| Untracked 
|  41|0x0000000086900000, 0x0000000086a00000, 0x0000000086a00000|100%| O|  |TAMS 0x0000000086a00000, 0x0000000086900000| Untracked 
|  42|0x0000000086a00000, 0x0000000086b00000, 0x0000000086b00000|100%| O|  |TAMS 0x0000000086b00000, 0x0000000086a00000| Untracked 
|  43|0x0000000086b00000, 0x0000000086c00000, 0x0000000086c00000|100%| O|  |TAMS 0x0000000086c00000, 0x0000000086b00000| Untracked 
|  44|0x0000000086c00000, 0x0000000086d00000, 0x0000000086d00000|100%| O|  |TAMS 0x0000000086d00000, 0x0000000086c00000| Untracked 
|  45|0x0000000086d00000, 0x0000000086d00000, 0x0000000086e00000|  0%| F|  |TAMS 0x0000000086d00000, 0x0000000086d00000| Untracked 
|  46|0x0000000086e00000, 0x0000000086f00000, 0x0000000086f00000|100%| O|  |TAMS 0x0000000086f00000, 0x0000000086e00000| Untracked 
|  47|0x0000000086f00000, 0x0000000086f00000, 0x0000000087000000|  0%| F|  |TAMS 0x0000000086f00000, 0x0000000086f00000| Untracked 
|  48|0x0000000087000000, 0x0000000087000000, 0x0000000087100000|  0%| F|  |TAMS 0x0000000087000000, 0x0000000087000000| Untracked 
|  49|0x0000000087100000, 0x0000000087100000, 0x0000000087200000|  0%| F|  |TAMS 0x0000000087100000, 0x0000000087100000| Untracked 
|  50|0x0000000087200000, 0x0000000087300000, 0x0000000087300000|100%| O|  |TAMS 0x0000000087300000, 0x0000000087200000| Untracked 
|  51|0x0000000087300000, 0x0000000087400000, 0x0000000087400000|100%| O|  |TAMS 0x0000000087400000, 0x0000000087300000| Untracked 
|  52|0x0000000087400000, 0x0000000087500000, 0x0000000087500000|100%| O|  |TAMS 0x0000000087500000, 0x0000000087400000| Untracked 
|  53|0x0000000087500000, 0x0000000087600000, 0x0000000087600000|100%| O|  |TAMS 0x0000000087600000, 0x0000000087500000| Untracked 
|  54|0x0000000087600000, 0x0000000087700000, 0x0000000087700000|100%| O|  |TAMS 0x0000000087700000, 0x0000000087600000| Untracked 
|  55|0x0000000087700000, 0x0000000087800000, 0x0000000087800000|100%| O|  |TAMS 0x0000000087800000, 0x0000000087700000| Untracked 
|  56|0x0000000087800000, 0x0000000087900000, 0x0000000087900000|100%| O|  |TAMS 0x0000000087900000, 0x0000000087800000| Untracked 
|  57|0x0000000087900000, 0x0000000087a00000, 0x0000000087a00000|100%| O|  |TAMS 0x0000000087a00000, 0x0000000087900000| Untracked 
|  58|0x0000000087a00000, 0x0000000087b00000, 0x0000000087b00000|100%| O|  |TAMS 0x0000000087b00000, 0x0000000087a00000| Untracked 
|  59|0x0000000087b00000, 0x0000000087b00000, 0x0000000087c00000|  0%| F|  |TAMS 0x0000000087b00000, 0x0000000087b00000| Untracked 
|  60|0x0000000087c00000, 0x0000000087c00000, 0x0000000087d00000|  0%| F|  |TAMS 0x0000000087c00000, 0x0000000087c00000| Untracked 
|  61|0x0000000087d00000, 0x0000000087e00000, 0x0000000087e00000|100%| O|  |TAMS 0x0000000087e00000, 0x0000000087d00000| Untracked 
|  62|0x0000000087e00000, 0x0000000087e00000, 0x0000000087f00000|  0%| F|  |TAMS 0x0000000087e00000, 0x0000000087e00000| Untracked 
|  63|0x0000000087f00000, 0x0000000087f00000, 0x0000000088000000|  0%| F|  |TAMS 0x0000000087f00000, 0x0000000087f00000| Untracked 
|  64|0x0000000088000000, 0x0000000088000000, 0x0000000088100000|  0%| F|  |TAMS 0x0000000088000000, 0x0000000088000000| Untracked 
|  65|0x0000000088100000, 0x0000000088100000, 0x0000000088200000|  0%| F|  |TAMS 0x0000000088100000, 0x0000000088100000| Untracked 
|  66|0x0000000088200000, 0x0000000088200000, 0x0000000088300000|  0%| F|  |TAMS 0x0000000088200000, 0x0000000088200000| Untracked 
|  67|0x0000000088300000, 0x0000000088300000, 0x0000000088400000|  0%| F|  |TAMS 0x0000000088300000, 0x0000000088300000| Untracked 
|  68|0x0000000088400000, 0x0000000088400000, 0x0000000088500000|  0%| F|  |TAMS 0x0000000088400000, 0x0000000088400000| Untracked 
|  69|0x0000000088500000, 0x0000000088500000, 0x0000000088600000|  0%| F|  |TAMS 0x0000000088500000, 0x0000000088500000| Untracked 
|  70|0x0000000088600000, 0x0000000088600000, 0x0000000088700000|  0%| F|  |TAMS 0x0000000088600000, 0x0000000088600000| Untracked 
|  71|0x0000000088700000, 0x0000000088700000, 0x0000000088800000|  0%| F|  |TAMS 0x0000000088700000, 0x0000000088700000| Untracked 
|  72|0x0000000088800000, 0x0000000088800000, 0x0000000088900000|  0%| F|  |TAMS 0x0000000088800000, 0x0000000088800000| Untracked 
|  73|0x0000000088900000, 0x0000000088900000, 0x0000000088a00000|  0%| F|  |TAMS 0x0000000088900000, 0x0000000088900000| Untracked 
|  74|0x0000000088a00000, 0x0000000088a00000, 0x0000000088b00000|  0%| F|  |TAMS 0x0000000088a00000, 0x0000000088a00000| Untracked 
|  75|0x0000000088b00000, 0x0000000088b00000, 0x0000000088c00000|  0%| F|  |TAMS 0x0000000088b00000, 0x0000000088b00000| Untracked 
|  76|0x0000000088c00000, 0x0000000088c00000, 0x0000000088d00000|  0%| F|  |TAMS 0x0000000088c00000, 0x0000000088c00000| Untracked 
|  77|0x0000000088d00000, 0x0000000088d00000, 0x0000000088e00000|  0%| F|  |TAMS 0x0000000088d00000, 0x0000000088d00000| Untracked 
|  78|0x0000000088e00000, 0x0000000088e00000, 0x0000000088f00000|  0%| F|  |TAMS 0x0000000088e00000, 0x0000000088e00000| Untracked 
|  79|0x0000000088f00000, 0x0000000088f00000, 0x0000000089000000|  0%| F|  |TAMS 0x0000000088f00000, 0x0000000088f00000| Untracked 
|  80|0x0000000089000000, 0x0000000089000000, 0x0000000089100000|  0%| F|  |TAMS 0x0000000089000000, 0x0000000089000000| Untracked 
|  81|0x0000000089100000, 0x0000000089100000, 0x0000000089200000|  0%| F|  |TAMS 0x0000000089100000, 0x0000000089100000| Untracked 
|  82|0x0000000089200000, 0x0000000089200000, 0x0000000089300000|  0%| F|  |TAMS 0x0000000089200000, 0x0000000089200000| Untracked 
|  83|0x0000000089300000, 0x0000000089300000, 0x0000000089400000|  0%| F|  |TAMS 0x0000000089300000, 0x0000000089300000| Untracked 
|  84|0x0000000089400000, 0x0000000089400000, 0x0000000089500000|  0%| F|  |TAMS 0x0000000089400000, 0x0000000089400000| Untracked 
|  85|0x0000000089500000, 0x0000000089500000, 0x0000000089600000|  0%| F|  |TAMS 0x0000000089500000, 0x0000000089500000| Untracked 
|  86|0x0000000089600000, 0x0000000089600000, 0x0000000089700000|  0%| F|  |TAMS 0x0000000089600000, 0x0000000089600000| Untracked 
|  87|0x0000000089700000, 0x0000000089700000, 0x0000000089800000|  0%| F|  |TAMS 0x0000000089700000, 0x0000000089700000| Untracked 
|  88|0x0000000089800000, 0x0000000089800000, 0x0000000089900000|  0%| F|  |TAMS 0x0000000089800000, 0x0000000089800000| Untracked 
|  89|0x0000000089900000, 0x0000000089900000, 0x0000000089a00000|  0%| F|  |TAMS 0x0000000089900000, 0x0000000089900000| Untracked 
|  90|0x0000000089a00000, 0x0000000089a00000, 0x0000000089b00000|  0%| F|  |TAMS 0x0000000089a00000, 0x0000000089a00000| Untracked 
|  91|0x0000000089b00000, 0x0000000089b00000, 0x0000000089c00000|  0%| F|  |TAMS 0x0000000089b00000, 0x0000000089b00000| Untracked 
|  92|0x0000000089c00000, 0x0000000089c00000, 0x0000000089d00000|  0%| F|  |TAMS 0x0000000089c00000, 0x0000000089c00000| Untracked 
|  93|0x0000000089d00000, 0x0000000089d00000, 0x0000000089e00000|  0%| F|  |TAMS 0x0000000089d00000, 0x0000000089d00000| Untracked 
|  94|0x0000000089e00000, 0x0000000089e00000, 0x0000000089f00000|  0%| F|  |TAMS 0x0000000089e00000, 0x0000000089e00000| Untracked 
|  95|0x0000000089f00000, 0x0000000089f00000, 0x000000008a000000|  0%| F|  |TAMS 0x0000000089f00000, 0x0000000089f00000| Untracked 
|  96|0x000000008a000000, 0x000000008a000000, 0x000000008a100000|  0%| F|  |TAMS 0x000000008a000000, 0x000000008a000000| Untracked 
|  97|0x000000008a100000, 0x000000008a100000, 0x000000008a200000|  0%| F|  |TAMS 0x000000008a100000, 0x000000008a100000| Untracked 
|  98|0x000000008a200000, 0x000000008a200000, 0x000000008a300000|  0%| F|  |TAMS 0x000000008a200000, 0x000000008a200000| Untracked 
|  99|0x000000008a300000, 0x000000008a300000, 0x000000008a400000|  0%| F|  |TAMS 0x000000008a300000, 0x000000008a300000| Untracked 
| 100|0x000000008a400000, 0x000000008a400000, 0x000000008a500000|  0%| F|  |TAMS 0x000000008a400000, 0x000000008a400000| Untracked 
| 101|0x000000008a500000, 0x000000008a500000, 0x000000008a600000|  0%| F|  |TAMS 0x000000008a500000, 0x000000008a500000| Untracked 
| 102|0x000000008a600000, 0x000000008a600000, 0x000000008a700000|  0%| F|  |TAMS 0x000000008a600000, 0x000000008a600000| Untracked 
| 103|0x000000008a700000, 0x000000008a700000, 0x000000008a800000|  0%| F|  |TAMS 0x000000008a700000, 0x000000008a700000| Untracked 
| 104|0x000000008a800000, 0x000000008a800000, 0x000000008a900000|  0%| F|  |TAMS 0x000000008a800000, 0x000000008a800000| Untracked 
| 105|0x000000008a900000, 0x000000008a900000, 0x000000008aa00000|  0%| F|  |TAMS 0x000000008a900000, 0x000000008a900000| Untracked 
| 106|0x000000008aa00000, 0x000000008aa00000, 0x000000008ab00000|  0%| F|  |TAMS 0x000000008aa00000, 0x000000008aa00000| Untracked 
| 107|0x000000008ab00000, 0x000000008ab00000, 0x000000008ac00000|  0%| F|  |TAMS 0x000000008ab00000, 0x000000008ab00000| Untracked 
| 108|0x000000008ac00000, 0x000000008ac00000, 0x000000008ad00000|  0%| F|  |TAMS 0x000000008ac00000, 0x000000008ac00000| Untracked 
| 109|0x000000008ad00000, 0x000000008ad00000, 0x000000008ae00000|  0%| F|  |TAMS 0x000000008ad00000, 0x000000008ad00000| Untracked 
| 110|0x000000008ae00000, 0x000000008ae00000, 0x000000008af00000|  0%| F|  |TAMS 0x000000008ae00000, 0x000000008ae00000| Untracked 
| 111|0x000000008af00000, 0x000000008af00000, 0x000000008b000000|  0%| F|  |TAMS 0x000000008af00000, 0x000000008af00000| Untracked 
| 112|0x000000008b000000, 0x000000008b000000, 0x000000008b100000|  0%| F|  |TAMS 0x000000008b000000, 0x000000008b000000| Untracked 
| 113|0x000000008b100000, 0x000000008b100000, 0x000000008b200000|  0%| F|  |TAMS 0x000000008b100000, 0x000000008b100000| Untracked 
| 114|0x000000008b200000, 0x000000008b200000, 0x000000008b300000|  0%| F|  |TAMS 0x000000008b200000, 0x000000008b200000| Untracked 
| 115|0x000000008b300000, 0x000000008b300000, 0x000000008b400000|  0%| F|  |TAMS 0x000000008b300000, 0x000000008b300000| Untracked 
| 116|0x000000008b400000, 0x000000008b400000, 0x000000008b500000|  0%| F|  |TAMS 0x000000008b400000, 0x000000008b400000| Untracked 
| 117|0x000000008b500000, 0x000000008b500000, 0x000000008b600000|  0%| F|  |TAMS 0x000000008b500000, 0x000000008b500000| Untracked 
| 118|0x000000008b600000, 0x000000008b600000, 0x000000008b700000|  0%| F|  |TAMS 0x000000008b600000, 0x000000008b600000| Untracked 
| 119|0x000000008b700000, 0x000000008b700000, 0x000000008b800000|  0%| F|  |TAMS 0x000000008b700000, 0x000000008b700000| Untracked 
| 120|0x000000008b800000, 0x000000008b800000, 0x000000008b900000|  0%| F|  |TAMS 0x000000008b800000, 0x000000008b800000| Untracked 
| 121|0x000000008b900000, 0x000000008b900000, 0x000000008ba00000|  0%| F|  |TAMS 0x000000008b900000, 0x000000008b900000| Untracked 
| 122|0x000000008ba00000, 0x000000008ba00000, 0x000000008bb00000|  0%| F|  |TAMS 0x000000008ba00000, 0x000000008ba00000| Untracked 
| 123|0x000000008bb00000, 0x000000008bb00000, 0x000000008bc00000|  0%| F|  |TAMS 0x000000008bb00000, 0x000000008bb00000| Untracked 
| 124|0x000000008bc00000, 0x000000008bc00000, 0x000000008bd00000|  0%| F|  |TAMS 0x000000008bc00000, 0x000000008bc00000| Untracked 
| 125|0x000000008bd00000, 0x000000008bd00000, 0x000000008be00000|  0%| F|  |TAMS 0x000000008bd00000, 0x000000008bd00000| Untracked 
| 126|0x000000008be00000, 0x000000008be00000, 0x000000008bf00000|  0%| F|  |TAMS 0x000000008be00000, 0x000000008be00000| Untracked 
| 127|0x000000008bf00000, 0x000000008bf00000, 0x000000008c000000|  0%| F|  |TAMS 0x000000008bf00000, 0x000000008bf00000| Untracked 
| 128|0x000000008c000000, 0x000000008c000000, 0x000000008c100000|  0%| F|  |TAMS 0x000000008c000000, 0x000000008c000000| Untracked 
| 129|0x000000008c100000, 0x000000008c100000, 0x000000008c200000|  0%| F|  |TAMS 0x000000008c100000, 0x000000008c100000| Untracked 
| 130|0x000000008c200000, 0x000000008c2db420, 0x000000008c300000| 85%| S|CS|TAMS 0x000000008c200000, 0x000000008c200000| Complete 
| 131|0x000000008c300000, 0x000000008c300000, 0x000000008c400000|  0%| F|  |TAMS 0x000000008c300000, 0x000000008c300000| Untracked 
| 132|0x000000008c400000, 0x000000008c400000, 0x000000008c500000|  0%| F|  |TAMS 0x000000008c400000, 0x000000008c400000| Untracked 
| 133|0x000000008c500000, 0x000000008c500000, 0x000000008c600000|  0%| F|  |TAMS 0x000000008c500000, 0x000000008c500000| Untracked 
| 134|0x000000008c600000, 0x000000008c600000, 0x000000008c700000|  0%| F|  |TAMS 0x000000008c600000, 0x000000008c600000| Untracked 
| 135|0x000000008c700000, 0x000000008c700000, 0x000000008c800000|  0%| F|  |TAMS 0x000000008c700000, 0x000000008c700000| Untracked 
| 136|0x000000008c800000, 0x000000008c800000, 0x000000008c900000|  0%| F|  |TAMS 0x000000008c800000, 0x000000008c800000| Untracked 
| 137|0x000000008c900000, 0x000000008c900000, 0x000000008ca00000|  0%| F|  |TAMS 0x000000008c900000, 0x000000008c900000| Untracked 
| 138|0x000000008ca00000, 0x000000008ca00000, 0x000000008cb00000|  0%| F|  |TAMS 0x000000008ca00000, 0x000000008ca00000| Untracked 
| 139|0x000000008cb00000, 0x000000008cb00000, 0x000000008cc00000|  0%| F|  |TAMS 0x000000008cb00000, 0x000000008cb00000| Untracked 
| 140|0x000000008cc00000, 0x000000008cc00000, 0x000000008cd00000|  0%| F|  |TAMS 0x000000008cc00000, 0x000000008cc00000| Untracked 
| 141|0x000000008cd00000, 0x000000008cd00000, 0x000000008ce00000|  0%| F|  |TAMS 0x000000008cd00000, 0x000000008cd00000| Untracked 
| 142|0x000000008ce00000, 0x000000008ce00000, 0x000000008cf00000|  0%| F|  |TAMS 0x000000008ce00000, 0x000000008ce00000| Untracked 
| 143|0x000000008cf00000, 0x000000008cf00000, 0x000000008d000000|  0%| F|  |TAMS 0x000000008cf00000, 0x000000008cf00000| Untracked 
| 144|0x000000008d000000, 0x000000008d000000, 0x000000008d100000|  0%| F|  |TAMS 0x000000008d000000, 0x000000008d000000| Untracked 
| 145|0x000000008d100000, 0x000000008d100000, 0x000000008d200000|  0%| F|  |TAMS 0x000000008d100000, 0x000000008d100000| Untracked 
| 146|0x000000008d200000, 0x000000008d200000, 0x000000008d300000|  0%| F|  |TAMS 0x000000008d200000, 0x000000008d200000| Untracked 
| 147|0x000000008d300000, 0x000000008d300000, 0x000000008d400000|  0%| F|  |TAMS 0x000000008d300000, 0x000000008d300000| Untracked 
| 148|0x000000008d400000, 0x000000008d400000, 0x000000008d500000|  0%| F|  |TAMS 0x000000008d400000, 0x000000008d400000| Untracked 
| 149|0x000000008d500000, 0x000000008d500000, 0x000000008d600000|  0%| F|  |TAMS 0x000000008d500000, 0x000000008d500000| Untracked 
| 150|0x000000008d600000, 0x000000008d600000, 0x000000008d700000|  0%| F|  |TAMS 0x000000008d600000, 0x000000008d600000| Untracked 
| 151|0x000000008d700000, 0x000000008d700000, 0x000000008d800000|  0%| F|  |TAMS 0x000000008d700000, 0x000000008d700000| Untracked 

Card table byte_map: [0x0000015cdd3b0000,0x0000015cdd790000] _byte_map_base: 0x0000015cdcf90000

Marking Bits (Prev, Next): (CMBitMap*) 0x0000015cc64a3a30, (CMBitMap*) 0x0000015cc64a39f0
 Prev Bits: [0x0000015cdfa70000, 0x0000015ce1970000)
 Next Bits: [0x0000015cddb70000, 0x0000015cdfa70000)

Polling page: 0x0000015cc4410000

Metaspace:

Usage:
  Non-class:     40.28 MB used.
      Class:      5.70 MB used.
       Both:     45.98 MB used.

Virtual space:
  Non-class space:       48.00 MB reserved,      40.56 MB ( 85%) committed,  6 nodes.
      Class space:        1.00 GB reserved,       6.00 MB ( <1%) committed,  1 nodes.
             Both:        1.05 GB reserved,      46.56 MB (  4%) committed. 

Chunk freelists:
   Non-Class:  2.92 MB
       Class:  1.89 MB
        Both:  4.81 MB

MaxMetaspaceSize: unlimited
CompressedClassSpaceSize: 1.00 GB
Initial GC threshold: 21.00 MB
Current GC threshold: 77.62 MB
CDS: on
MetaspaceReclaimPolicy: balanced
 - commit_granule_bytes: 65536.
 - commit_granule_words: 8192.
 - virtual_space_node_default_size: 1048576.
 - enlarge_chunks_in_place: 1.
 - new_chunks_are_fully_committed: 0.
 - uncommit_free_chunks: 1.
 - use_allocation_guard: 0.
 - handle_deallocations: 1.


Internal statistics:

num_allocs_failed_limit: 9.
num_arena_births: 502.
num_arena_deaths: 6.
num_vsnodes_births: 7.
num_vsnodes_deaths: 0.
num_space_committed: 763.
num_space_uncommitted: 18.
num_chunks_returned_to_freelist: 90.
num_chunks_taken_from_freelist: 2298.
num_chunk_merges: 31.
num_chunk_splits: 1643.
num_chunks_enlarged: 1277.
num_purges: 2.
num_inconsistent_stats: 0.

CodeHeap 'non-profiled nmethods': size=120000Kb used=4666Kb max_used=4666Kb free=115333Kb
 bounds [0x0000015cd5770000, 0x0000015cd5c00000, 0x0000015cdcca0000]
CodeHeap 'profiled nmethods': size=120000Kb used=15712Kb max_used=15712Kb free=104288Kb
 bounds [0x0000015cce240000, 0x0000015ccf1a0000, 0x0000015cd5770000]
CodeHeap 'non-nmethods': size=5760Kb used=1279Kb max_used=1340Kb free=4480Kb
 bounds [0x0000015ccdca0000, 0x0000015ccdf10000, 0x0000015cce240000]
 total_blobs=7975 nmethods=7393 adapters=494
 compilation: enabled
              stopped_count=0, restarted_count=0
 full_count=0

Compilation events (20 events):
Event: 14.262 Thread 0x0000015ce4373d60 8259       3       org.eclipse.aether.DefaultRepositorySystemSession::verifyStateForMutation (19 bytes)
Event: 14.262 Thread 0x0000015ce4373d60 nmethod 8259 0x0000015ccf193210 code [0x0000015ccf1933c0, 0x0000015ccf1935e8]
Event: 14.262 Thread 0x0000015ce4373d60 8261       3       org.eclipse.aether.util.version.GenericVersion$Tokenizer::<init> (33 bytes)
Event: 14.263 Thread 0x0000015ce4373d60 nmethod 8261 0x0000015ccf193710 code [0x0000015ccf1938e0, 0x0000015ccf193cf8]
Event: 14.263 Thread 0x0000015ce4373d60 8254       3       java.lang.Thread::getContextClassLoader (32 bytes)
Event: 14.263 Thread 0x0000015ce4373d60 nmethod 8254 0x0000015ccf193f10 code [0x0000015ccf194140, 0x0000015ccf194ad8]
Event: 14.264 Thread 0x0000015ce4373d60 8263       3       java.io.File::<init> (111 bytes)
Event: 14.264 Thread 0x0000015ce4373d60 nmethod 8263 0x0000015ccf194d90 code [0x0000015ccf195020, 0x0000015ccf195a28]
Event: 14.279 Thread 0x0000015ce4e21b20 nmethod 8251 0x0000015cd5bfbb90 code [0x0000015cd5bfbda0, 0x0000015cd5bfcb40]
Event: 14.279 Thread 0x0000015ce4e21b20 8258       4       java.util.Collections$UnmodifiableMap$UnmodifiableEntrySet$1::next (5 bytes)
Event: 14.294 Thread 0x0000015ce4373d60 8265       3       java.util.AbstractList::subListRangeCheck (110 bytes)
Event: 14.295 Thread 0x0000015ce4e21b20 nmethod 8258 0x0000015cd5bfd310 code [0x0000015cd5bfd4c0, 0x0000015cd5bfdcb8]
Event: 14.296 Thread 0x0000015ce4373d60 nmethod 8265 0x0000015ccf195e10 code [0x0000015ccf1961c0, 0x0000015ccf1974e8]
Event: 14.296 Thread 0x0000015ce4373d60 8264       3       org.apache.maven.model.profile.activation.JdkVersionProfileActivator$RangeValue::<init> (18 bytes)
Event: 14.296 Thread 0x0000015ce4373d60 nmethod 8264 0x0000015ccf197b90 code [0x0000015ccf197d60, 0x0000015ccf198178]
Event: 14.299 Thread 0x0000015ce4373d60 8266       1       org.apache.maven.model.MailingList::setUnsubscribe (6 bytes)
Event: 14.299 Thread 0x0000015ce4373d60 nmethod 8266 0x0000015cd5bfe090 code [0x0000015cd5bfe220, 0x0000015cd5bfe338]
Event: 14.300 Thread 0x0000015ce4e21b20 8267       4       java.util.HashMap::keysToArray (81 bytes)
Event: 14.306 Thread 0x0000015ce4e21b20 nmethod 8267 0x0000015cd5bfe390 code [0x0000015cd5bfe520, 0x0000015cd5bfe7d8]
Event: 14.307 Thread 0x0000015ce4e21b20 8268       4       org.eclipse.sisu.inject.LocatedBeans::iterator (9 bytes)

GC Heap History (20 events):
Event: 7.867 GC heap after
{Heap after GC invocations=9 (full 0):
 garbage-first heap   total 75776K, used 25045K [0x0000000084000000, 0x0000000100000000)
  region size 1024K, 1 young (1024K), 1 survivors (1024K)
 Metaspace       used 31535K, committed 31808K, reserved 1081344K
  class space    used 3943K, committed 4096K, reserved 1048576K
}
Event: 8.651 GC heap before
{Heap before GC invocations=9 (full 0):
 garbage-first heap   total 75776K, used 54741K [0x0000000084000000, 0x0000000100000000)
  region size 1024K, 30 young (30720K), 1 survivors (1024K)
 Metaspace       used 34498K, committed 34880K, reserved 1081344K
  class space    used 4335K, committed 4480K, reserved 1048576K
}
Event: 8.660 GC heap after
{Heap after GC invocations=10 (full 0):
 garbage-first heap   total 155648K, used 27214K [0x0000000084000000, 0x0000000100000000)
  region size 1024K, 4 young (4096K), 4 survivors (4096K)
 Metaspace       used 34498K, committed 34880K, reserved 1081344K
  class space    used 4335K, committed 4480K, reserved 1048576K
}
Event: 9.126 GC heap before
{Heap before GC invocations=10 (full 0):
 garbage-first heap   total 155648K, used 78414K [0x0000000084000000, 0x0000000100000000)
  region size 1024K, 23 young (23552K), 4 survivors (4096K)
 Metaspace       used 35720K, committed 36160K, reserved 1081344K
  class space    used 4455K, committed 4672K, reserved 1048576K
}
Event: 9.133 GC heap after
{Heap after GC invocations=11 (full 0):
 garbage-first heap   total 155648K, used 28117K [0x0000000084000000, 0x0000000100000000)
  region size 1024K, 4 young (4096K), 4 survivors (4096K)
 Metaspace       used 35720K, committed 36160K, reserved 1081344K
  class space    used 4455K, committed 4672K, reserved 1048576K
}
Event: 10.677 GC heap before
{Heap before GC invocations=12 (full 0):
 garbage-first heap   total 96256K, used 79872K [0x0000000084000000, 0x0000000100000000)
  region size 1024K, 52 young (53248K), 4 survivors (4096K)
 Metaspace       used 43508K, committed 44032K, reserved 1089536K
  class space    used 5403K, committed 5632K, reserved 1048576K
}
Event: 10.712 GC heap after
{Heap after GC invocations=13 (full 0):
 garbage-first heap   total 96256K, used 42885K [0x0000000084000000, 0x0000000100000000)
  region size 1024K, 7 young (7168K), 7 survivors (7168K)
 Metaspace       used 43508K, committed 44032K, reserved 1089536K
  class space    used 5403K, committed 5632K, reserved 1048576K
}
Event: 11.635 GC heap before
{Heap before GC invocations=14 (full 0):
 garbage-first heap   total 96256K, used 71557K [0x0000000084000000, 0x0000000100000000)
  region size 1024K, 36 young (36864K), 7 survivors (7168K)
 Metaspace       used 45108K, committed 45696K, reserved 1089536K
  class space    used 5587K, committed 5888K, reserved 1048576K
}
Event: 11.655 GC heap after
{Heap after GC invocations=15 (full 0):
 garbage-first heap   total 96256K, used 46080K [0x0000000084000000, 0x0000000100000000)
  region size 1024K, 3 young (3072K), 3 survivors (3072K)
 Metaspace       used 45108K, committed 45696K, reserved 1089536K
  class space    used 5587K, committed 5888K, reserved 1048576K
}
Event: 12.492 GC heap before
{Heap before GC invocations=15 (full 0):
 garbage-first heap   total 96256K, used 71680K [0x0000000084000000, 0x0000000100000000)
  region size 1024K, 29 young (29696K), 3 survivors (3072K)
 Metaspace       used 47149K, committed 47680K, reserved 1097728K
  class space    used 5856K, committed 6144K, reserved 1048576K
}
Event: 12.506 GC heap after
{Heap after GC invocations=16 (full 0):
 garbage-first heap   total 96256K, used 47152K [0x0000000084000000, 0x0000000100000000)
  region size 1024K, 4 young (4096K), 4 survivors (4096K)
 Metaspace       used 47149K, committed 47680K, reserved 1097728K
  class space    used 5856K, committed 6144K, reserved 1048576K
}
Event: 13.143 GC heap before
{Heap before GC invocations=17 (full 0):
 garbage-first heap   total 96256K, used 78896K [0x0000000084000000, 0x0000000100000000)
  region size 1024K, 31 young (31744K), 4 survivors (4096K)
 Metaspace       used 47216K, committed 47744K, reserved 1097728K
  class space    used 5857K, committed 6144K, reserved 1048576K
}
Event: 13.165 GC heap after
{Heap after GC invocations=18 (full 0):
 garbage-first heap   total 96256K, used 60380K [0x0000000084000000, 0x0000000100000000)
  region size 1024K, 4 young (4096K), 4 survivors (4096K)
 Metaspace       used 47216K, committed 47744K, reserved 1097728K
  class space    used 5857K, committed 6144K, reserved 1048576K
}
Event: 13.175 GC heap before
{Heap before GC invocations=18 (full 0):
 garbage-first heap   total 96256K, used 61404K [0x0000000084000000, 0x0000000100000000)
  region size 1024K, 5 young (5120K), 4 survivors (4096K)
 Metaspace       used 47217K, committed 47744K, reserved 1097728K
  class space    used 5857K, committed 6144K, reserved 1048576K
}
Event: 13.190 GC heap after
{Heap after GC invocations=19 (full 0):
 garbage-first heap   total 96256K, used 56068K [0x0000000084000000, 0x0000000100000000)
  region size 1024K, 1 young (1024K), 1 survivors (1024K)
 Metaspace       used 47217K, committed 47744K, reserved 1097728K
  class space    used 5857K, committed 6144K, reserved 1048576K
}
Event: 13.642 GC heap before
{Heap before GC invocations=19 (full 0):
 garbage-first heap   total 96256K, used 74500K [0x0000000084000000, 0x0000000100000000)
  region size 1024K, 19 young (19456K), 1 survivors (1024K)
 Metaspace       used 47777K, committed 48320K, reserved 1097728K
  class space    used 5928K, committed 6208K, reserved 1048576K
}
Event: 13.649 GC heap after
{Heap after GC invocations=20 (full 0):
 garbage-first heap   total 96256K, used 57344K [0x0000000084000000, 0x0000000100000000)
  region size 1024K, 2 young (2048K), 2 survivors (2048K)
 Metaspace       used 47777K, committed 48320K, reserved 1097728K
  class space    used 5928K, committed 6208K, reserved 1048576K
}
Event: 14.157 GC heap before
{Heap before GC invocations=21 (full 0):
 garbage-first heap   total 96256K, used 70656K [0x0000000084000000, 0x0000000100000000)
  region size 1024K, 20 young (20480K), 2 survivors (2048K)
 Metaspace       used 47053K, committed 47616K, reserved 1097728K
  class space    used 5836K, committed 6144K, reserved 1048576K
}
Event: 14.164 GC heap after
{Heap after GC invocations=22 (full 0):
 garbage-first heap   total 96256K, used 53768K [0x0000000084000000, 0x0000000100000000)
  region size 1024K, 1 young (1024K), 1 survivors (1024K)
 Metaspace       used 47053K, committed 47616K, reserved 1097728K
  class space    used 5836K, committed 6144K, reserved 1048576K
}
Event: 14.307 GC heap before
{Heap before GC invocations=22 (full 0):
 garbage-first heap   total 96256K, used 56840K [0x0000000084000000, 0x0000000100000000)
  region size 1024K, 4 young (4096K), 1 survivors (1024K)
 Metaspace       used 47081K, committed 47680K, reserved 1097728K
  class space    used 5839K, committed 6144K, reserved 1048576K
}

Deoptimization events (20 events):
Event: 14.077 Thread 0x0000015cc645f580 Uncommon trap: trap_request=0xffffffde fr.pc=0x0000015cd5b5c6bc relative=0x00000000000005fc
Event: 14.077 Thread 0x0000015cc645f580 Uncommon trap: reason=class_check action=maybe_recompile pc=0x0000015cd5b5c6bc method=java.util.Collections$UnmodifiableMap$UnmodifiableEntrySet$UnmodifiableEntry.<init>(Ljava/util/Map$Entry;)V @ 9 c2
Event: 14.077 Thread 0x0000015cc645f580 DEOPT PACKING pc=0x0000015cd5b5c6bc sp=0x0000003ff2efc120
Event: 14.077 Thread 0x0000015cc645f580 DEOPT UNPACKING pc=0x0000015ccdcf5c23 sp=0x0000003ff2efc020 mode 2
Event: 14.077 Thread 0x0000015cc645f580 Uncommon trap: trap_request=0xffffffde fr.pc=0x0000015cd5b5c6bc relative=0x00000000000005fc
Event: 14.077 Thread 0x0000015cc645f580 Uncommon trap: reason=class_check action=maybe_recompile pc=0x0000015cd5b5c6bc method=java.util.Collections$UnmodifiableMap$UnmodifiableEntrySet$UnmodifiableEntry.<init>(Ljava/util/Map$Entry;)V @ 9 c2
Event: 14.077 Thread 0x0000015cc645f580 DEOPT PACKING pc=0x0000015cd5b5c6bc sp=0x0000003ff2efc120
Event: 14.077 Thread 0x0000015cc645f580 DEOPT UNPACKING pc=0x0000015ccdcf5c23 sp=0x0000003ff2efc020 mode 2
Event: 14.092 Thread 0x0000015cc645f580 Uncommon trap: trap_request=0xffffffdc fr.pc=0x0000015cd5bea3bc relative=0x000000000000029c
Event: 14.092 Thread 0x0000015cc645f580 Uncommon trap: reason=class_check action=make_not_entrant pc=0x0000015cd5bea3bc method=java.util.ArrayList.toArray([Ljava/lang/Object;)[Ljava/lang/Object; @ 21 c2
Event: 14.092 Thread 0x0000015cc645f580 DEOPT PACKING pc=0x0000015cd5bea3bc sp=0x0000003ff2efcb00
Event: 14.092 Thread 0x0000015cc645f580 DEOPT UNPACKING pc=0x0000015ccdcf5c23 sp=0x0000003ff2efcad0 mode 2
Event: 14.149 Thread 0x0000015cc645f580 Uncommon trap: trap_request=0xffffff45 fr.pc=0x0000015cd5be8070 relative=0x0000000000000fd0
Event: 14.149 Thread 0x0000015cc645f580 Uncommon trap: reason=unstable_if action=reinterpret pc=0x0000015cd5be8070 method=lombok.launch.PackageShader.apply([B)Z @ 190 c2
Event: 14.149 Thread 0x0000015cc645f580 DEOPT PACKING pc=0x0000015cd5be8070 sp=0x0000003ff2efc430
Event: 14.149 Thread 0x0000015cc645f580 DEOPT UNPACKING pc=0x0000015ccdcf5c23 sp=0x0000003ff2efc3f0 mode 2
Event: 14.149 Thread 0x0000015cc645f580 Uncommon trap: trap_request=0xffffff45 fr.pc=0x0000015cd5be32c0 relative=0x0000000000000900
Event: 14.149 Thread 0x0000015cc645f580 Uncommon trap: reason=unstable_if action=reinterpret pc=0x0000015cd5be32c0 method=lombok.launch.PackageShader.apply([B)Z @ 190 c2
Event: 14.149 Thread 0x0000015cc645f580 DEOPT PACKING pc=0x0000015cd5be32c0 sp=0x0000003ff2efc470
Event: 14.149 Thread 0x0000015cc645f580 DEOPT UNPACKING pc=0x0000015ccdcf5c23 sp=0x0000003ff2efc3f0 mode 2

Classes unloaded (20 events):
Event: 13.709 Thread 0x0000015ce434ba00 Unloading class 0x000000080117e7c8 'lombok/javac/apt/MessagerDiagnosticsReceiver'
Event: 13.709 Thread 0x0000015ce434ba00 Unloading class 0x000000080117e420 'lombok/javac/apt/InterceptingJavaFileManager'
Event: 13.709 Thread 0x0000015ce434ba00 Unloading class 0x000000080117e218 'lombok/permit/dummy/Parent'
Event: 13.709 Thread 0x0000015ce434ba00 Unloading class 0x000000080117e000 'lombok/core/CleanupRegistry'
Event: 13.709 Thread 0x0000015ce434ba00 Unloading class 0x000000080117dde0 'lombok/permit/Permit$Fake'
Event: 13.709 Thread 0x0000015ce434ba00 Unloading class 0x000000080117dbe0 'lombok/permit/Permit'
Event: 13.709 Thread 0x0000015ce434ba00 Unloading class 0x000000080117d9e8 'lombok/core/DiagnosticsReceiver'
Event: 13.709 Thread 0x0000015ce434ba00 Unloading class 0x000000080117d700 'lombok/javac/apt/LombokProcessor$1'
Event: 13.709 Thread 0x0000015ce434ba00 Unloading class 0x000000080117d468 'lombok/javac/apt/LombokProcessor'
Event: 13.709 Thread 0x0000015ce434ba00 Unloading class 0x000000080117d238 'lombok/core/AnnotationProcessor$EcjDescriptor'
Event: 13.709 Thread 0x0000015ce434ba00 Unloading class 0x000000080117d000 'lombok/core/AnnotationProcessor$JavacDescriptor'
Event: 13.709 Thread 0x0000015ce434ba00 Unloading class 0x000000080117ca80 'lombok/core/AnnotationProcessor$ProcessorDescriptor'
Event: 13.709 Thread 0x0000015ce434ba00 Unloading class 0x000000080117c800 'lombok/core/AnnotationProcessor'
Event: 13.709 Thread 0x0000015ce434ba00 Unloading class 0x00000008011ad000 'lombok/launch/AnnotationProcessorHider$ClaimingProcessor'
Event: 13.709 Thread 0x0000015ce434ba00 Unloading class 0x000000080117c498 'lombok/launch/AnnotationProcessorHider$AstModificationNotifierData'
Event: 13.709 Thread 0x0000015ce434ba00 Unloading class 0x000000080117c218 'lombok/launch/ClassFileMetaData'
Event: 13.709 Thread 0x0000015ce434ba00 Unloading class 0x000000080117c000 'lombok/launch/PackageShader'
Event: 13.709 Thread 0x0000015ce434ba00 Unloading class 0x0000000801154480 'lombok/launch/ShadowClassLoader'
Event: 13.709 Thread 0x0000015ce434ba00 Unloading class 0x0000000801154280 'lombok/launch/Main'
Event: 13.709 Thread 0x0000015ce434ba00 Unloading class 0x0000000801154000 'lombok/launch/AnnotationProcessorHider$AnnotationProcessor'

Classes redefined (0 events):
No events

Internal exceptions (20 events):
Event: 14.109 Thread 0x0000015cc645f580 Exception <a 'sun/nio/fs/WindowsException'{0x0000000088ee2c90}> (0x0000000088ee2c90) 
thrown [t:\workspace\open\src\hotspot\share\prims\jni.cpp, line 516]
Event: 14.109 Thread 0x0000015cc645f580 Exception <a 'sun/nio/fs/WindowsException'{0x0000000088ee3040}> (0x0000000088ee3040) 
thrown [t:\workspace\open\src\hotspot\share\prims\jni.cpp, line 516]
Event: 14.109 Thread 0x0000015cc645f580 Exception <a 'sun/nio/fs/WindowsException'{0x0000000088ee4660}> (0x0000000088ee4660) 
thrown [t:\workspace\open\src\hotspot\share\prims\jni.cpp, line 516]
Event: 14.110 Thread 0x0000015cc645f580 Exception <a 'sun/nio/fs/WindowsException'{0x0000000088ee4a40}> (0x0000000088ee4a40) 
thrown [t:\workspace\open\src\hotspot\share\prims\jni.cpp, line 516]
Event: 14.114 Thread 0x0000015cc645f580 Exception <a 'sun/nio/fs/WindowsException'{0x0000000088d18508}> (0x0000000088d18508) 
thrown [t:\workspace\open\src\hotspot\share\prims\jni.cpp, line 516]
Event: 14.114 Thread 0x0000015cc645f580 Exception <a 'sun/nio/fs/WindowsException'{0x0000000088d188b8}> (0x0000000088d188b8) 
thrown [t:\workspace\open\src\hotspot\share\prims\jni.cpp, line 516]
Event: 14.114 Thread 0x0000015cc645f580 Exception <a 'sun/nio/fs/WindowsException'{0x0000000088d19ed8}> (0x0000000088d19ed8) 
thrown [t:\workspace\open\src\hotspot\share\prims\jni.cpp, line 516]
Event: 14.115 Thread 0x0000015cc645f580 Exception <a 'sun/nio/fs/WindowsException'{0x0000000088d1a2b8}> (0x0000000088d1a2b8) 
thrown [t:\workspace\open\src\hotspot\share\prims\jni.cpp, line 516]
Event: 14.118 Thread 0x0000015cc645f580 Exception <a 'sun/nio/fs/WindowsException'{0x0000000088d3d110}> (0x0000000088d3d110) 
thrown [t:\workspace\open\src\hotspot\share\prims\jni.cpp, line 516]
Event: 14.118 Thread 0x0000015cc645f580 Exception <a 'sun/nio/fs/WindowsException'{0x0000000088d3d4c0}> (0x0000000088d3d4c0) 
thrown [t:\workspace\open\src\hotspot\share\prims\jni.cpp, line 516]
Event: 14.118 Thread 0x0000015cc645f580 Exception <a 'sun/nio/fs/WindowsException'{0x0000000088d3e838}> (0x0000000088d3e838) 
thrown [t:\workspace\open\src\hotspot\share\prims\jni.cpp, line 516]
Event: 14.118 Thread 0x0000015cc645f580 Exception <a 'sun/nio/fs/WindowsException'{0x0000000088d3ec18}> (0x0000000088d3ec18) 
thrown [t:\workspace\open\src\hotspot\share\prims\jni.cpp, line 516]
Event: 14.125 Thread 0x0000015cc645f580 Exception <a 'sun/nio/fs/WindowsException'{0x0000000088c1de60}> (0x0000000088c1de60) 
thrown [t:\workspace\open\src\hotspot\share\prims\jni.cpp, line 516]
Event: 14.130 Thread 0x0000015cc645f580 Exception <a 'sun/nio/fs/WindowsException'{0x0000000088c35500}> (0x0000000088c35500) 
thrown [t:\workspace\open\src\hotspot\share\prims\jni.cpp, line 516]
Event: 14.135 Thread 0x0000015cc645f580 Exception <a 'sun/nio/fs/WindowsException'{0x0000000088c4ccf8}> (0x0000000088c4ccf8) 
thrown [t:\workspace\open\src\hotspot\share\prims\jni.cpp, line 516]
Event: 14.135 Thread 0x0000015cc645f580 Exception <a 'sun/nio/fs/WindowsException'{0x0000000088c4d478}> (0x0000000088c4d478) 
thrown [t:\workspace\open\src\hotspot\share\prims\jni.cpp, line 516]
Event: 14.135 Thread 0x0000015cc645f580 Exception <a 'sun/nio/fs/WindowsException'{0x0000000088c4da38}> (0x0000000088c4da38) 
thrown [t:\workspace\open\src\hotspot\share\prims\jni.cpp, line 516]
Event: 14.135 Thread 0x0000015cc645f580 Exception <a 'sun/nio/fs/WindowsException'{0x0000000088c4e1a8}> (0x0000000088c4e1a8) 
thrown [t:\workspace\open\src\hotspot\share\prims\jni.cpp, line 516]
Event: 14.135 Thread 0x0000015cc645f580 Exception <a 'sun/nio/fs/WindowsException'{0x0000000088c4e530}> (0x0000000088c4e530) 
thrown [t:\workspace\open\src\hotspot\share\prims\jni.cpp, line 516]
Event: 14.135 Thread 0x0000015cc645f580 Exception <a 'sun/nio/fs/WindowsException'{0x0000000088c4f210}> (0x0000000088c4f210) 
thrown [t:\workspace\open\src\hotspot\share\prims\jni.cpp, line 516]

VM Operations (20 events):
Event: 12.506 Executing VM operation: G1TryInitiateConcMark done
Event: 12.557 Executing VM operation: G1Concurrent
Event: 12.583 Executing VM operation: G1Concurrent done
Event: 12.604 Executing VM operation: G1Concurrent
Event: 12.604 Executing VM operation: G1Concurrent done
Event: 13.143 Executing VM operation: G1CollectForAllocation
Event: 13.165 Executing VM operation: G1CollectForAllocation done
Event: 13.175 Executing VM operation: G1CollectForAllocation
Event: 13.191 Executing VM operation: G1CollectForAllocation done
Event: 13.642 Executing VM operation: G1CollectForAllocation
Event: 13.649 Executing VM operation: G1CollectForAllocation done
Event: 13.689 Executing VM operation: ICBufferFull
Event: 13.689 Executing VM operation: ICBufferFull done
Event: 13.706 Executing VM operation: G1Concurrent
Event: 13.732 Executing VM operation: G1Concurrent done
Event: 13.755 Executing VM operation: G1Concurrent
Event: 13.755 Executing VM operation: G1Concurrent done
Event: 14.157 Executing VM operation: G1CollectForAllocation
Event: 14.164 Executing VM operation: G1CollectForAllocation done
Event: 14.307 Executing VM operation: G1CollectForAllocation

Events (20 events):
Event: 12.215 loading class java/util/stream/Nodes$IntFixedNodeBuilder
Event: 12.216 loading class java/util/stream/Node$Builder$OfInt
Event: 12.216 loading class java/util/stream/Node$Builder$OfInt done
Event: 12.216 loading class java/util/stream/Nodes$IntArrayNode
Event: 12.216 loading class java/util/stream/Nodes$IntArrayNode done
Event: 12.216 loading class java/util/stream/Nodes$IntFixedNodeBuilder done
Event: 12.216 loading class java/util/stream/ReferencePipeline$4$1
Event: 12.217 loading class java/util/stream/ReferencePipeline$4$1 done
Event: 12.292 loading class java/util/EnumMap$Values
Event: 12.292 loading class java/util/EnumMap$Values done
Event: 12.293 loading class java/util/EnumMap$ValueIterator
Event: 12.294 loading class java/util/EnumMap$ValueIterator done
Event: 12.294 loading class java/util/WeakHashMap$KeyIterator
Event: 12.294 loading class java/util/WeakHashMap$KeyIterator done
Event: 12.300 loading class java/text/MessageFormat$Field
Event: 12.301 loading class java/text/MessageFormat$Field done
Event: 13.326 loading class jdk/internal/module/IllegalAccessLogger
Event: 13.326 loading class jdk/internal/module/IllegalAccessLogger done
Event: 14.136 loading class java/nio/file/Path$1
Event: 14.136 loading class java/nio/file/Path$1 done


Dynamic libraries:
0x00007ff7eac30000 - 0x00007ff7eac3e000 	C:\Program Files\Java\openjdk-17.0.2\bin\java.exe
0x00007ff930660000 - 0x00007ff9308c7000 	C:\WINDOWS\SYSTEM32\ntdll.dll
0x00007ff92e960000 - 0x00007ff92ea29000 	C:\WINDOWS\System32\KERNEL32.DLL
0x00007ff92dbb0000 - 0x00007ff92dfa4000 	C:\WINDOWS\System32\KERNELBASE.dll
0x00007ff92cfe0000 - 0x00007ff92d12b000 	C:\WINDOWS\System32\ucrtbase.dll
0x00007ff917ff0000 - 0x00007ff918008000 	C:\Program Files\Java\openjdk-17.0.2\bin\jli.dll
0x00007ff9303c0000 - 0x00007ff930585000 	C:\WINDOWS\System32\USER32.dll
0x00007ff917f40000 - 0x00007ff917f5a000 	C:\Program Files\Java\openjdk-17.0.2\bin\VCRUNTIME140.dll
0x00007ff92e120000 - 0x00007ff92e147000 	C:\WINDOWS\System32\win32u.dll
0x00007ff9160a0000 - 0x00007ff916333000 	C:\WINDOWS\WinSxS\amd64_microsoft.windows.common-controls_6595b64144ccf1df_6.0.26100.8115_none_3e075c82e3354f9c\COMCTL32.dll
0x00007ff92e4a0000 - 0x00007ff92e4cb000 	C:\WINDOWS\System32\GDI32.dll
0x00007ff92e3f0000 - 0x00007ff92e499000 	C:\WINDOWS\System32\msvcrt.dll
0x00007ff92e150000 - 0x00007ff92e27b000 	C:\WINDOWS\System32\gdi32full.dll
0x00007ff92cf30000 - 0x00007ff92cfd3000 	C:\WINDOWS\System32\msvcp_win.dll
0x00007ff92f440000 - 0x00007ff92f472000 	C:\WINDOWS\System32\IMM32.DLL
0x00007ff920480000 - 0x00007ff92048c000 	C:\Program Files\Java\openjdk-17.0.2\bin\vcruntime140_1.dll
0x00007ff912610000 - 0x00007ff91269d000 	C:\Program Files\Java\openjdk-17.0.2\bin\msvcp140.dll
0x00007ff8b3720000 - 0x00007ff8b42e1000 	C:\Program Files\Java\openjdk-17.0.2\bin\server\jvm.dll
0x00007ff930280000 - 0x00007ff930336000 	C:\WINDOWS\System32\ADVAPI32.dll
0x00007ff9300d0000 - 0x00007ff930177000 	C:\WINDOWS\System32\sechost.dll
0x00007ff92f480000 - 0x00007ff92f598000 	C:\WINDOWS\System32\RPCRT4.dll
0x00007ff92fb30000 - 0x00007ff92fb38000 	C:\WINDOWS\System32\PSAPI.DLL
0x00007ff918a30000 - 0x00007ff918a3a000 	C:\WINDOWS\SYSTEM32\WSOCK32.dll
0x00007ff91f670000 - 0x00007ff91f67b000 	C:\WINDOWS\SYSTEM32\VERSION.dll
0x00007ff92a200000 - 0x00007ff92a236000 	C:\WINDOWS\SYSTEM32\WINMM.dll
0x00007ff92fbc0000 - 0x00007ff92fc40000 	C:\WINDOWS\System32\WS2_32.dll
0x00007ff92bcc0000 - 0x00007ff92bcdb000 	C:\WINDOWS\SYSTEM32\kernel.appcore.dll
0x00007ff918420000 - 0x00007ff91842a000 	C:\Program Files\Java\openjdk-17.0.2\bin\jimage.dll
0x00007ff92add0000 - 0x00007ff92b012000 	C:\WINDOWS\SYSTEM32\DBGHELP.DLL
0x00007ff92f5a0000 - 0x00007ff92f922000 	C:\WINDOWS\System32\combase.dll
0x00007ff92fce0000 - 0x00007ff92fdb8000 	C:\WINDOWS\System32\OLEAUT32.dll
0x00007ff92a170000 - 0x00007ff92a1ab000 	C:\WINDOWS\SYSTEM32\dbgcore.DLL
0x00007ff92dfb0000 - 0x00007ff92e055000 	C:\WINDOWS\System32\bcryptPrimitives.dll
0x00007ff917c90000 - 0x00007ff917cb5000 	C:\Program Files\Java\openjdk-17.0.2\bin\java.dll
0x00007ff90d010000 - 0x00007ff90d0e6000 	C:\Program Files\Java\openjdk-17.0.2\bin\jsvml.dll
0x00007ff92ea40000 - 0x00007ff92f1a7000 	C:\WINDOWS\System32\SHELL32.dll
0x00007ff92e280000 - 0x00007ff92e3ea000 	C:\WINDOWS\System32\wintypes.dll
0x00007ff92d130000 - 0x00007ff92d998000 	C:\WINDOWS\System32\windows.storage.dll
0x00007ff930180000 - 0x00007ff930278000 	C:\WINDOWS\System32\SHCORE.dll
0x00007ff930060000 - 0x00007ff9300c6000 	C:\WINDOWS\System32\shlwapi.dll
0x00007ff92ce50000 - 0x00007ff92ce79000 	C:\WINDOWS\SYSTEM32\profapi.dll
0x00007ff917f20000 - 0x00007ff917f39000 	C:\Program Files\Java\openjdk-17.0.2\bin\net.dll
0x00007ff91f920000 - 0x00007ff91fa4d000 	C:\WINDOWS\SYSTEM32\WINHTTP.dll
0x00007ff92c230000 - 0x00007ff92c29c000 	C:\WINDOWS\system32\mswsock.dll
0x00007ff917ec0000 - 0x00007ff917ed6000 	C:\Program Files\Java\openjdk-17.0.2\bin\nio.dll
0x00007ff917c70000 - 0x00007ff917c88000 	C:\Program Files\Java\openjdk-17.0.2\bin\zip.dll
0x00007ff917620000 - 0x00007ff917644000 	C:\Users\Akshay\.m2\wrapper\dists\apache-maven-3.9.16\0daed3be3ebd1c706f0e69e8b07c6b73f5cc4ea3dfce72a8d0ec2e849ca2ddb0\lib\jansi-native\Windows\x86_64\jansi.dll
0x00007ff917d50000 - 0x00007ff917d60000 	C:\Program Files\Java\openjdk-17.0.2\bin\verify.dll
0x00007ff92c510000 - 0x00007ff92c52b000 	C:\WINDOWS\SYSTEM32\CRYPTSP.dll
0x00007ff92bc20000 - 0x00007ff92bc59000 	C:\WINDOWS\system32\rsaenh.dll
0x00007ff92c2e0000 - 0x00007ff92c313000 	C:\WINDOWS\SYSTEM32\USERENV.dll
0x00007ff92ce20000 - 0x00007ff92ce4a000 	C:\WINDOWS\SYSTEM32\bcrypt.dll
0x00007ff92c530000 - 0x00007ff92c53c000 	C:\WINDOWS\SYSTEM32\CRYPTBASE.dll
0x00007ff92b6f0000 - 0x00007ff92b722000 	C:\WINDOWS\SYSTEM32\IPHLPAPI.DLL
0x00007ff92f270000 - 0x00007ff92f27a000 	C:\WINDOWS\System32\NSI.dll
0x00007ff927020000 - 0x00007ff92703d000 	C:\WINDOWS\SYSTEM32\dhcpcsvc6.DLL
0x00007ff926ff0000 - 0x00007ff927015000 	C:\WINDOWS\SYSTEM32\dhcpcsvc.DLL
0x00007ff92b790000 - 0x00007ff92b8c2000 	C:\WINDOWS\SYSTEM32\DNSAPI.dll

dbghelp: loaded successfully - version: 4.0.5 - missing functions: none
symbol engine: initialized successfully - sym options: 0x614 - pdb path: .;C:\Program Files\Java\openjdk-17.0.2\bin;C:\WINDOWS\SYSTEM32;C:\WINDOWS\WinSxS\amd64_microsoft.windows.common-controls_6595b64144ccf1df_6.0.26100.8115_none_3e075c82e3354f9c;C:\Program Files\Java\openjdk-17.0.2\bin\server;C:\Users\Akshay\.m2\wrapper\dists\apache-maven-3.9.16\0daed3be3ebd1c706f0e69e8b07c6b73f5cc4ea3dfce72a8d0ec2e849ca2ddb0\lib\jansi-native\Windows\x86_64

VM Arguments:
jvm_args: --enable-native-access=ALL-UNNAMED -Dclassworlds.conf=C:\Users\Akshay\.m2\wrapper\dists\apache-maven-3.9.16\0daed3be3ebd1c706f0e69e8b07c6b73f5cc4ea3dfce72a8d0ec2e849ca2ddb0\bin\m2.conf -Dmaven.home=C:\Users\Akshay\.m2\wrapper\dists\apache-maven-3.9.16\0daed3be3ebd1c706f0e69e8b07c6b73f5cc4ea3dfce72a8d0ec2e849ca2ddb0 -Dlibrary.jansi.path=C:\Users\Akshay\.m2\wrapper\dists\apache-maven-3.9.16\0daed3be3ebd1c706f0e69e8b07c6b73f5cc4ea3dfce72a8d0ec2e849ca2ddb0\lib\jansi-native -Dmaven.multiModuleProjectDirectory=D:\akshays-workspace\Spring\contract-first-rest-api\contract-first-rest-api 
java_command: org.codehaus.plexus.classworlds.launcher.Launcher spring-boot:run
java_class_path (initial): C:\Users\Akshay\.m2\wrapper\dists\apache-maven-3.9.16\0daed3be3ebd1c706f0e69e8b07c6b73f5cc4ea3dfce72a8d0ec2e849ca2ddb0\boot\plexus-classworlds-2.11.0.jar
Launcher Type: SUN_STANDARD

[Global flags]
     intx CICompilerCount                          = 4                                         {product} {ergonomic}
     uint ConcGCThreads                            = 2                                         {product} {ergonomic}
     uint G1ConcRefinementThreads                  = 8                                         {product} {ergonomic}
   size_t G1HeapRegionSize                         = 1048576                                   {product} {ergonomic}
    uintx GCDrainStackTargetSize                   = 64                                        {product} {ergonomic}
   size_t InitialHeapSize                          = 130023424                                 {product} {ergonomic}
   size_t MarkStackSize                            = 4194304                                   {product} {ergonomic}
   size_t MaxHeapSize                              = 2080374784                                {product} {ergonomic}
   size_t MaxNewSize                               = 1247805440                                {product} {ergonomic}
   size_t MinHeapDeltaBytes                        = 1048576                                   {product} {ergonomic}
   size_t MinHeapSize                              = 8388608                                   {product} {ergonomic}
    uintx NonNMethodCodeHeapSize                   = 5839372                                {pd product} {ergonomic}
    uintx NonProfiledCodeHeapSize                  = 122909434                              {pd product} {ergonomic}
    uintx ProfiledCodeHeapSize                     = 122909434                              {pd product} {ergonomic}
    uintx ReservedCodeCacheSize                    = 251658240                              {pd product} {ergonomic}
     bool SegmentedCodeCache                       = true                                      {product} {ergonomic}
   size_t SoftMaxHeapSize                          = 2080374784                             {manageable} {ergonomic}
     bool UseCompressedClassPointers               = true                           {product lp64_product} {ergonomic}
     bool UseCompressedOops                        = true                           {product lp64_product} {ergonomic}
     bool UseG1GC                                  = true                                      {product} {ergonomic}
     bool UseLargePagesIndividualAllocation        = false                                  {pd product} {ergonomic}

Logging:
Log output configuration:
 #0: stdout all=warning uptime,level,tags
 #1: stderr all=off uptime,level,tags

Environment Variables:
JAVA_HOME=C:\Program Files\Java\openjdk-17.0.2
PATH=C:\Program Files (x86)\Common Files\Oracle\Java\java8path;C:\Program Files (x86)\Common Files\Oracle\Java\javapath;C:\WINDOWS\system32;C:\WINDOWS;C:\WINDOWS\System32\Wbem;C:\WINDOWS\System32\WindowsPowerShell\v1.0\;C:\WINDOWS\System32\OpenSSH\;%JAVA_HOME%\bin;C:\Program Files\dotnet\;C:\Program Files\Docker\Docker\resources\bin;C:\Program Files\TortoiseGit\bin;C:\Program Files\nodejs\;C:\Program Files\Git\cmd;C:\Users\Akshay\AppData\Local\Microsoft\WindowsApps;;C:\Users\Akshay\AppData\Local\Programs\Microsoft VS Code\bin;C:\Users\Akshay\AppData\Roaming\npm
USERNAME=Akshay
OS=Windows_NT
PROCESSOR_IDENTIFIER=Intel64 Family 6 Model 140 Stepping 2, GenuineIntel



---------------  S Y S T E M  ---------------

OS:
 Windows 11 , 64 bit Build 26100 (10.0.26100.8246)
OS uptime: 21 days 17:29 hours
Hyper-V role detected

CPU: total 8 (initial active 8) (4 cores per cpu, 2 threads per core) family 6 model 140 stepping 2 microcode 0x3c, cx8, cmov, fxsr, ht, mmx, 3dnowpref, sse, sse2, sse3, ssse3, sse4.1, sse4.2, popcnt, lzcnt, tsc, tscinvbit, avx, avx2, aes, erms, clmul, bmi1, bmi2, adx, avx512f, avx512dq, avx512cd, avx512bw, avx512vl, sha, fma, vzeroupper, avx512_vpopcntdq, avx512_vpclmulqdq, avx512_vaes, avx512_vnni, clflush, clflushopt, clwb, avx512_vbmi2, avx512_vbmi, hv

Memory: 4k page, system-wide physical 7934M (495M free)
TotalPageFile size 32510M (AvailPageFile size 50M)
current process WorkingSet (physical memory assigned to process): 251M, peak: 280M
current process commit charge ("private bytes"): 340M, peak: 426M

vm_info: OpenJDK 64-Bit Server VM (17.0.2+8-86) for windows-amd64 JRE (17.0.2+8-86), built on Dec  7 2021 21:49:10 by "mach5one" with MS VC++ 16.8 / 16.9 (VS2019)

END.
