#
# There is insufficient memory for the Java Runtime Environment to continue.
# Native memory allocation (mmap) failed to map 130023424 bytes for G1 virtual space
# Possible reasons:
#   The system is out of physical RAM or swap space
#   The process is running with CompressedOops enabled, and the Java Heap may be blocking the growth of the native heap
# Possible solutions:
#   Reduce memory load on the system
#   Increase physical memory or swap space
#   Check if swap backing store is full
#   Decrease Java heap size (-Xmx/-Xms)
#   Decrease number of Java threads
#   Decrease Java thread stack sizes (-Xss)
#   Set larger code cache with -XX:ReservedCodeCacheSize=
#   JVM is running with Unscaled Compressed Oops mode in which the Java heap is
#     placed in the first 4GB address space. The Java Heap base address is the
#     maximum limit for the native heap growth. Please use -XX:HeapBaseMinAddress
#     to set the Java Heap base and to place the Java Heap above 4GB virtual address.
# This output file may be truncated or incomplete.
#
#  Out of Memory Error (os_windows.cpp:3532), pid=34600, tid=15824
#
# JRE version:  (17.0.2+8) (build )
# Java VM: OpenJDK 64-Bit Server VM (17.0.2+8-86, mixed mode, sharing, tiered, compressed oops, compressed class ptrs, g1 gc, windows-amd64)
# No core dump will be written. Minidumps are not enabled by default on client versions of Windows
#

---------------  S U M M A R Y ------------

Command Line: -javaagent:C:\Users\Akshay\AppData\Local\JetBrains\IntelliJIdea2026.1\captureAgent\debugger-agent.jar=file:///C:/Users/Akshay/AppData/Local/Temp/capture724171655070675017.props -ea -Didea.test.cyclic.buffer.size=1048576 -javaagent:C:\Program Files\JetBrains\IntelliJ IDEA 2026.1.2\lib\idea_rt.jar=60227 -Dkotlinx.coroutines.debug.enable.creation.stack.trace=false -Ddebugger.agent.enable.coroutines=true -Dkotlinx.coroutines.debug.enable.flows.stack.trace=true -Dkotlinx.coroutines.debug.enable.mutable.state.flows.stack.trace=true -Ddebugger.async.stack.trace.for.all.threads=true -Dfile.encoding=UTF-8 com.intellij.rt.junit.JUnitStarter -ideVersion5 -junit6 com.cwa.junit.healthycoderapp.test.BMICalculatorTest,should_ReturnFalse_When_DietNotRecommended

Host: 11th Gen Intel(R) Core(TM) i5-1155G7 @ 2.50GHz, 8 cores, 7G,  Windows 11 , 64 bit Build 26100 (10.0.26100.8246)
Time: Sat May 30 15:39:43 2026 India Standard Time elapsed time: 2.086491 seconds (0d 0h 0m 2s)

---------------  T H R E A D  ---------------

Current thread (0x000001b7c78c0a80):  JavaThread "Unknown thread" [_thread_in_vm, id=15824, stack(0x00000056cc500000,0x00000056cc600000)]

Stack: [0x00000056cc500000,0x00000056cc600000]
Native frames: (J=compiled Java code, j=interpreted, Vv=VM code, C=native code)
V  [jvm.dll+0x670baa]
V  [jvm.dll+0x7cfcb4]
V  [jvm.dll+0x7d145e]
V  [jvm.dll+0x7d1ac3]
V  [jvm.dll+0x242bc5]
V  [jvm.dll+0x66dac9]
V  [jvm.dll+0x662412]
V  [jvm.dll+0x300c0b]
V  [jvm.dll+0x3081a6]
V  [jvm.dll+0x357d0e]
V  [jvm.dll+0x357f3f]
V  [jvm.dll+0x2d7ec8]
V  [jvm.dll+0x2d8e34]
V  [jvm.dll+0x7a18c1]
V  [jvm.dll+0x365a91]
V  [jvm.dll+0x780d2c]
V  [jvm.dll+0x3e845f]
V  [jvm.dll+0x3e9f01]
C  [jli.dll+0x527b]
C  [ucrtbase.dll+0x37b0]
C  [KERNEL32.DLL+0x2e8d7]
C  [ntdll.dll+0x8c3fc]


---------------  P R O C E S S  ---------------

Threads class SMR info:
_java_thread_list=0x00007ff8c7be9858, length=0, elements={
}

Java Threads: ( => current thread )

Other Threads:
  0x000001b7c78fbbb0 GCTaskThread "GC Thread#0" [stack: 0x00000056cc600000,0x00000056cc700000] [id=41840]
  0x000001b7c790c100 ConcurrentGCThread "G1 Main Marker" [stack: 0x00000056cc700000,0x00000056cc800000] [id=55856]
  0x000001b7c790f600 ConcurrentGCThread "G1 Conc#0" [stack: 0x00000056cc800000,0x00000056cc900000] [id=6368]

[error occurred during error reporting (printing all threads), id 0xc0000005, EXCEPTION_ACCESS_VIOLATION (0xc0000005) at pc=0x00007ff8c74388a7]

VM state: not at safepoint (not fully initialized)

VM Mutex/Monitor currently owned by a thread:  ([mutex/lock_event])
[0x000001b7c78bdef0] Heap_lock - owner thread: 0x000001b7c78c0a80

Heap address: 0x0000000084000000, size: 1984 MB, Compressed Oops mode: 32-bit

CDS archive(s) mapped at: [0x0000000000000000-0x0000000000000000-0x0000000000000000), size 0, SharedBaseAddress: 0x0000000800000000, ArchiveRelocationMode: 0.
Narrow klass base: 0x0000000000000000, Narrow klass shift: 0, Narrow klass range: 0x0

GC Precious Log:
<Empty>

Heap:
 garbage-first heap   total 0K, used 0K [0x0000000084000000, 0x0000000100000000)
  region size 1024K, 0 young (0K), 0 survivors (0K)

[error occurred during error reporting (printing heap information), id 0xc0000005, EXCEPTION_ACCESS_VIOLATION (0xc0000005) at pc=0x00007ff8c7819f19]

GC Heap History (0 events):
No events

Deoptimization events (0 events):
No events

Classes unloaded (0 events):
No events

Classes redefined (0 events):
No events

Internal exceptions (0 events):
No events

VM Operations (0 events):
No events

Events (2 events):
Event: 0.021 Loaded shared library C:\Program Files\Java\openjdk-17.0.2\bin\java.dll
Event: 0.023 Loaded shared library C:\Program Files\Java\openjdk-17.0.2\bin\zip.dll


Dynamic libraries:
0x00007ff68c520000 - 0x00007ff68c52e000 	C:\Program Files\Java\openjdk-17.0.2\bin\java.exe
0x00007ff930660000 - 0x00007ff9308c7000 	C:\WINDOWS\SYSTEM32\ntdll.dll
0x00007ff92e960000 - 0x00007ff92ea29000 	C:\WINDOWS\System32\KERNEL32.DLL
0x00007ff92dbb0000 - 0x00007ff92dfa4000 	C:\WINDOWS\System32\KERNELBASE.dll
0x00007ff92cfe0000 - 0x00007ff92d12b000 	C:\WINDOWS\System32\ucrtbase.dll
0x00007ff916000000 - 0x00007ff91601a000 	C:\Program Files\Java\openjdk-17.0.2\bin\VCRUNTIME140.dll
0x00007ff9165f0000 - 0x00007ff916608000 	C:\Program Files\Java\openjdk-17.0.2\bin\jli.dll
0x00007ff9303c0000 - 0x00007ff930585000 	C:\WINDOWS\System32\USER32.dll
0x00007ff92e120000 - 0x00007ff92e147000 	C:\WINDOWS\System32\win32u.dll
0x00007ff9160a0000 - 0x00007ff916333000 	C:\WINDOWS\WinSxS\amd64_microsoft.windows.common-controls_6595b64144ccf1df_6.0.26100.8115_none_3e075c82e3354f9c\COMCTL32.dll
0x00007ff92e3f0000 - 0x00007ff92e499000 	C:\WINDOWS\System32\msvcrt.dll
0x00007ff92e4a0000 - 0x00007ff92e4cb000 	C:\WINDOWS\System32\GDI32.dll
0x00007ff92e150000 - 0x00007ff92e27b000 	C:\WINDOWS\System32\gdi32full.dll
0x00007ff92cf30000 - 0x00007ff92cfd3000 	C:\WINDOWS\System32\msvcp_win.dll
0x00007ff92f440000 - 0x00007ff92f472000 	C:\WINDOWS\System32\IMM32.DLL
0x00007ff918a50000 - 0x00007ff918a5c000 	C:\Program Files\Java\openjdk-17.0.2\bin\vcruntime140_1.dll
0x00007ff90cf80000 - 0x00007ff90d00d000 	C:\Program Files\Java\openjdk-17.0.2\bin\msvcp140.dll
0x00007ff8c7150000 - 0x00007ff8c7d11000 	C:\Program Files\Java\openjdk-17.0.2\bin\server\jvm.dll
0x00007ff930280000 - 0x00007ff930336000 	C:\WINDOWS\System32\ADVAPI32.dll
0x00007ff9300d0000 - 0x00007ff930177000 	C:\WINDOWS\System32\sechost.dll
0x00007ff92f480000 - 0x00007ff92f598000 	C:\WINDOWS\System32\RPCRT4.dll
0x00007ff92fb30000 - 0x00007ff92fb38000 	C:\WINDOWS\System32\PSAPI.DLL
0x00007ff91f670000 - 0x00007ff91f67b000 	C:\WINDOWS\SYSTEM32\VERSION.dll
0x00007ff918a30000 - 0x00007ff918a3a000 	C:\WINDOWS\SYSTEM32\WSOCK32.dll
0x00007ff92a200000 - 0x00007ff92a236000 	C:\WINDOWS\SYSTEM32\WINMM.dll
0x00007ff92fbc0000 - 0x00007ff92fc40000 	C:\WINDOWS\System32\WS2_32.dll
0x00007ff92bcc0000 - 0x00007ff92bcdb000 	C:\WINDOWS\SYSTEM32\kernel.appcore.dll
0x00007ff918a10000 - 0x00007ff918a1a000 	C:\Program Files\Java\openjdk-17.0.2\bin\jimage.dll
0x00007ff92add0000 - 0x00007ff92b012000 	C:\WINDOWS\SYSTEM32\DBGHELP.DLL
0x00007ff92f5a0000 - 0x00007ff92f922000 	C:\WINDOWS\System32\combase.dll
0x00007ff92fce0000 - 0x00007ff92fdb8000 	C:\WINDOWS\System32\OLEAUT32.dll
0x00007ff92a170000 - 0x00007ff92a1ab000 	C:\WINDOWS\SYSTEM32\dbgcore.DLL
0x00007ff92dfb0000 - 0x00007ff92e055000 	C:\WINDOWS\System32\bcryptPrimitives.dll
0x00007ff917f20000 - 0x00007ff917f2e000 	C:\Program Files\Java\openjdk-17.0.2\bin\instrument.dll
0x00007ff915dd0000 - 0x00007ff915df5000 	C:\Program Files\Java\openjdk-17.0.2\bin\java.dll
0x00007ff917ae0000 - 0x00007ff917af8000 	C:\Program Files\Java\openjdk-17.0.2\bin\zip.dll

dbghelp: loaded successfully - version: 4.0.5 - missing functions: none
symbol engine: initialized successfully - sym options: 0x614 - pdb path: .;C:\Program Files\Java\openjdk-17.0.2\bin;C:\WINDOWS\SYSTEM32;C:\WINDOWS\WinSxS\amd64_microsoft.windows.common-controls_6595b64144ccf1df_6.0.26100.8115_none_3e075c82e3354f9c;C:\Program Files\Java\openjdk-17.0.2\bin\server

VM Arguments:
jvm_args: -javaagent:C:\Users\Akshay\AppData\Local\JetBrains\IntelliJIdea2026.1\captureAgent\debugger-agent.jar=file:///C:/Users/Akshay/AppData/Local/Temp/capture724171655070675017.props -ea -Didea.test.cyclic.buffer.size=1048576 -javaagent:C:\Program Files\JetBrains\IntelliJ IDEA 2026.1.2\lib\idea_rt.jar=60227 -Dkotlinx.coroutines.debug.enable.creation.stack.trace=false -Ddebugger.agent.enable.coroutines=true -Dkotlinx.coroutines.debug.enable.flows.stack.trace=true -Dkotlinx.coroutines.debug.enable.mutable.state.flows.stack.trace=true -Ddebugger.async.stack.trace.for.all.threads=true -Dfile.encoding=UTF-8 
java_command: com.intellij.rt.junit.JUnitStarter -ideVersion5 -junit6 com.cwa.junit.healthycoderapp.test.BMICalculatorTest,should_ReturnFalse_When_DietNotRecommended
java_class_path (initial): C:\Users\Akshay\.m2\repository\org\junit\platform\junit-platform-launcher\6.0.3\junit-platform-launcher-6.0.3.jar;C:\Program Files\JetBrains\IntelliJ IDEA 2026.1.2\lib\idea_rt.jar;C:\Program Files\JetBrains\IntelliJ IDEA 2026.1.2\plugins\junit\lib\junit6-rt.jar;C:\Program Files\JetBrains\IntelliJ IDEA 2026.1.2\plugins\junit\lib\junit5-rt.jar;C:\Program Files\JetBrains\IntelliJ IDEA 2026.1.2\plugins\junit\lib\junit-rt.jar;D:\akshays-workspace\Spring\junit\target\test-classes;D:\akshays-workspace\Spring\junit\target\classes;C:\Users\Akshay\.m2\repository\org\springframework\boot\spring-boot-starter\4.0.6\spring-boot-starter-4.0.6.jar;C:\Users\Akshay\.m2\repository\org\springframework\boot\spring-boot-starter-logging\4.0.6\spring-boot-starter-logging-4.0.6.jar;C:\Users\Akshay\.m2\repository\ch\qos\logback\logback-classic\1.5.32\logback-classic-1.5.32.jar;C:\Users\Akshay\.m2\repository\ch\qos\logback\logback-core\1.5.32\logback-core-1.5.32.jar;C:\Users\Akshay\.m2\repository\org\apache\logging\log4j\log4j-to-slf4j\2.25.4\log4j-to-slf4j-2.25.4.jar;C:\Users\Akshay\.m2\repository\org\apache\logging\log4j\log4j-api\2.25.4\log4j-api-2.25.4.jar;C:\Users\Akshay\.m2\repository\org\slf4j\jul-to-slf4j\2.0.17\jul-to-slf4j-2.0.17.jar;C:\Users\Akshay\.m2\repository\org\springframework\boot\spring-boot-autoconfigure\4.0.6\spring-boot-autoconfigure-4.0.6.jar;C:\Users\Akshay\.m2\repository\org\springframework\boot\spring-boot\4.0.6\spring-boot-4.0.6.jar;C:\Users\Akshay\.m2\repository\org\springframework\spring-context\7.0.7\spring-context-7.0.7.jar;C:\Users\Akshay\.m2\repository\org\springframework\spring-aop\7.0.7\spring-aop-7.0.7.jar;C:\Users\Akshay\.m2\repository\org\springframework\spring-beans\7.0.7\spring-beans-7.0.7.jar;C:\Users\Akshay\.m2\repository\org\springframework\spring-expression\7.0.7\spring-expression-7.0.7.jar;C:\Users\Akshay\.m2\repository\io\micrometer\micrometer-observation\1.16.5\micrometer-observation-1.16.5.jar;C:\Users\Akshay\.m2\rep
Launcher Type: SUN_STANDARD

[Global flags]
     intx CICompilerCount                          = 4                                         {product} {ergonomic}
     uint ConcGCThreads                            = 2                                         {product} {ergonomic}
     uint G1ConcRefinementThreads                  = 8                                         {product} {ergonomic}
   size_t G1HeapRegionSize                         = 1048576                                   {product} {ergonomic}
    uintx GCDrainStackTargetSize                   = 64                                        {product} {ergonomic}
   size_t InitialHeapSize                          = 130023424                                 {product} {ergonomic}
   size_t MarkStackSize                            = 4194304                                   {product} {ergonomic}
   size_t MaxHeapSize                              = 2080374784                                {product} {ergonomic}
   size_t MinHeapDeltaBytes                        = 1048576                                   {product} {ergonomic}
   size_t MinHeapSize                              = 8388608                                   {product} {ergonomic}
    uintx NonNMethodCodeHeapSize                   = 5839372                                {pd product} {ergonomic}
    uintx NonProfiledCodeHeapSize                  = 122909434                              {pd product} {ergonomic}
    uintx ProfiledCodeHeapSize                     = 122909434                              {pd product} {ergonomic}
    uintx ReservedCodeCacheSize                    = 251658240                              {pd product} {ergonomic}
     bool SegmentedCodeCache                       = true                                      {product} {ergonomic}
   size_t SoftMaxHeapSize                          = 2080374784                             {manageable} {ergonomic}
     bool UseCompressedClassPointers               = true                           {product lp64_product} {ergonomic}
     bool UseCompressedOops                        = true                           {product lp64_product} {ergonomic}
     bool UseG1GC                                  = true                                      {product} {ergonomic}
     bool UseLargePagesIndividualAllocation        = false                                  {pd product} {ergonomic}

Logging:
Log output configuration:
 #0: stdout all=warning uptime,level,tags
 #1: stderr all=off uptime,level,tags

Environment Variables:
JAVA_HOME=C:\Program Files\Java\openjdk-17.0.2
PATH=C:\Program Files (x86)\Common Files\Oracle\Java\java8path;C:\Program Files (x86)\Common Files\Oracle\Java\javapath;C:\WINDOWS\system32;C:\WINDOWS;C:\WINDOWS\System32\Wbem;C:\WINDOWS\System32\WindowsPowerShell\v1.0\;C:\WINDOWS\System32\OpenSSH\;%JAVA_HOME%\bin;C:\Program Files\dotnet\;C:\Program Files\Docker\Docker\resources\bin;C:\Program Files\TortoiseGit\bin;C:\Program Files\nodejs\;C:\Program Files\Git\cmd;C:\Users\Akshay\AppData\Local\Microsoft\WindowsApps;;C:\Users\Akshay\AppData\Roaming\npm
USERNAME=Akshay
OS=Windows_NT
PROCESSOR_IDENTIFIER=Intel64 Family 6 Model 140 Stepping 2, GenuineIntel



---------------  S Y S T E M  ---------------

OS:
 Windows 11 , 64 bit Build 26100 (10.0.26100.8246)
OS uptime: 22 days 0:50 hours
Hyper-V role detected

CPU: total 8 (initial active 8) (4 cores per cpu, 2 threads per core) family 6 model 140 stepping 2 microcode 0x3c, cx8, cmov, fxsr, ht, mmx, 3dnowpref, sse, sse2, sse3, ssse3, sse4.1, sse4.2, popcnt, lzcnt, tsc, tscinvbit, avx, avx2, aes, erms, clmul, bmi1, bmi2, adx, avx512f, avx512dq, avx512cd, avx512bw, avx512vl, sha, fma, vzeroupper, avx512_vpopcntdq, avx512_vpclmulqdq, avx512_vaes, avx512_vnni, clflush, clflushopt, clwb, avx512_vbmi2, avx512_vbmi, hv

Memory: 4k page, system-wide physical 7934M (596M free)
TotalPageFile size 32510M (AvailPageFile size 65M)
current process WorkingSet (physical memory assigned to process): 12M, peak: 12M
current process commit charge ("private bytes"): 60M, peak: 184M

vm_info: OpenJDK 64-Bit Server VM (17.0.2+8-86) for windows-amd64 JRE (17.0.2+8-86), built on Dec  7 2021 21:49:10 by "mach5one" with MS VC++ 16.8 / 16.9 (VS2019)

END.
